Component: ARM Compiler 5.05 update 1 (build 106) Tool: armlink [4d0efa]

==============================================================================

Section Cross References

    startup_stm32f103xb.o(RESET) refers to startup_stm32f103xb.o(STACK) for __initial_sp
    startup_stm32f103xb.o(RESET) refers to startup_stm32f103xb.o(.text) for Reset_Handler
    startup_stm32f103xb.o(RESET) refers to stm32f1xx_it.o(i.NMI_Handler) for NMI_Handler
    startup_stm32f103xb.o(RESET) refers to stm32f1xx_it.o(i.HardFault_Handler) for HardFault_Handler
    startup_stm32f103xb.o(RESET) refers to stm32f1xx_it.o(i.MemManage_Handler) for MemManage_Handler
    startup_stm32f103xb.o(RESET) refers to stm32f1xx_it.o(i.BusFault_Handler) for BusFault_Handler
    startup_stm32f103xb.o(RESET) refers to stm32f1xx_it.o(i.UsageFault_Handler) for UsageFault_Handler
    startup_stm32f103xb.o(RESET) refers to port.o(.emb_text) for SVC_Handler
    startup_stm32f103xb.o(RESET) refers to stm32f1xx_it.o(i.DebugMon_Handler) for DebugMon_Handler
    startup_stm32f103xb.o(RESET) refers to port.o(i.SysTick_Handler) for SysTick_Handler
    startup_stm32f103xb.o(RESET) refers to stm32f1xx_it.o(i.DMA1_Channel1_IRQHandler) for DMA1_Channel1_IRQHandler
    startup_stm32f103xb.o(RESET) refers to stm32f1xx_it.o(i.TIM4_IRQHandler) for TIM4_IRQHandler
    startup_stm32f103xb.o(.text) refers to system_stm32f1xx.o(i.SystemInit) for SystemInit
    startup_stm32f103xb.o(.text) refers to entry.o(.ARM.Collect$$$$00000000) for __main
    simsun_16.o(.constdata) refers to simsun_16.o(.constdata) for acFontHZSimSun_16_0020
    simsun_16.o(.constdata) refers to simsun_16.o(.constdata) for acFontHZSimSun_16_0021
    simsun_16.o(.constdata) refers to simsun_16.o(.constdata) for acFontHZSimSun_16_0022
    simsun_16.o(.constdata) refers to simsun_16.o(.constdata) for acFontHZSimSun_16_0023
    simsun_16.o(.constdata) refers to simsun_16.o(.constdata) for acFontHZSimSun_16_0024
    simsun_16.o(.constdata) refers to simsun_16.o(.constdata) for acFontHZSimSun_16_0025
    simsun_16.o(.constdata) refers to simsun_16.o(.constdata) for acFontHZSimSun_16_0026
    simsun_16.o(.constdata) refers to simsun_16.o(.constdata) for acFontHZSimSun_16_0027
    simsun_16.o(.constdata) refers to simsun_16.o(.constdata) for acFontHZSimSun_16_0028
    simsun_16.o(.constdata) refers to simsun_16.o(.constdata) for acFontHZSimSun_16_0029
    simsun_16.o(.constdata) refers to simsun_16.o(.constdata) for acFontHZSimSun_16_002a
    simsun_16.o(.constdata) refers to simsun_16.o(.constdata) for acFontHZSimSun_16_002b
    simsun_16.o(.constdata) refers to simsun_16.o(.constdata) for acFontHZSimSun_16_002c
    simsun_16.o(.constdata) refers to simsun_16.o(.constdata) for acFontHZSimSun_16_002d
    simsun_16.o(.constdata) refers to simsun_16.o(.constdata) for acFontHZSimSun_16_002e
    simsun_16.o(.constdata) refers to simsun_16.o(.constdata) for acFontHZSimSun_16_002f
    simsun_16.o(.constdata) refers to simsun_16.o(.constdata) for acFontHZSimSun_16_0030
    simsun_16.o(.constdata) refers to simsun_16.o(.constdata) for acFontHZSimSun_16_0031
    simsun_16.o(.constdata) refers to simsun_16.o(.constdata) for acFontHZSimSun_16_0032
    simsun_16.o(.constdata) refers to simsun_16.o(.constdata) for acFontHZSimSun_16_0033
    simsun_16.o(.constdata) refers to simsun_16.o(.constdata) for acFontHZSimSun_16_0034
    simsun_16.o(.constdata) refers to simsun_16.o(.constdata) for acFontHZSimSun_16_0035
    simsun_16.o(.constdata) refers to simsun_16.o(.constdata) for acFontHZSimSun_16_0036
    simsun_16.o(.constdata) refers to simsun_16.o(.constdata) for acFontHZSimSun_16_0037
    simsun_16.o(.constdata) refers to simsun_16.o(.constdata) for acFontHZSimSun_16_0038
    simsun_16.o(.constdata) refers to simsun_16.o(.constdata) for acFontHZSimSun_16_0039
    simsun_16.o(.constdata) refers to simsun_16.o(.constdata) for acFontHZSimSun_16_003a
    simsun_16.o(.constdata) refers to simsun_16.o(.constdata) for acFontHZSimSun_16_003b
    simsun_16.o(.constdata) refers to simsun_16.o(.constdata) for acFontHZSimSun_16_003c
    simsun_16.o(.constdata) refers to simsun_16.o(.constdata) for acFontHZSimSun_16_003d
    simsun_16.o(.constdata) refers to simsun_16.o(.constdata) for acFontHZSimSun_16_003e
    simsun_16.o(.constdata) refers to simsun_16.o(.constdata) for acFontHZSimSun_16_003f
    simsun_16.o(.constdata) refers to simsun_16.o(.constdata) for acFontHZSimSun_16_0040
    simsun_16.o(.constdata) refers to simsun_16.o(.constdata) for acFontHZSimSun_16_0041
    simsun_16.o(.constdata) refers to simsun_16.o(.constdata) for acFontHZSimSun_16_0042
    simsun_16.o(.constdata) refers to simsun_16.o(.constdata) for acFontHZSimSun_16_0043
    simsun_16.o(.constdata) refers to simsun_16.o(.constdata) for acFontHZSimSun_16_0044
    simsun_16.o(.constdata) refers to simsun_16.o(.constdata) for acFontHZSimSun_16_0045
    simsun_16.o(.constdata) refers to simsun_16.o(.constdata) for acFontHZSimSun_16_0046
[...]
    .constdata                               0x080047bc   Section      512  yc.o(.constdata)
    _acyc                                    0x080047bc   Data         512  yc.o(.constdata)
    .constdata                               0x080049bc   Section       16  yc.o(.constdata)
    .constdata                               0x080049cc   Section       60  main.o(.constdata)
    .constdata                               0x08004a08   Section      760  f08_ascii.o(.constdata)
    .constdata                               0x08004d00   Section      760  f08_ascii.o(.constdata)
    .constdata                               0x08004ff8   Section       12  f08_ascii.o(.constdata)
    .constdata                               0x08005004   Section       32  f08_ascii.o(.constdata)
    .constdata                               0x08005024   Section       16  system_stm32f1xx.o(.constdata)
    .constdata                               0x08005034   Section        8  system_stm32f1xx.o(.constdata)
    .conststring                             0x0800503c   Section       38  main.o(.conststring)
    .data                                    0x20000000   Section       20  main.o(.data)
    .data                                    0x20000014   Section        1  guislim.o(.data)
    .data                                    0x20000016   Section        6  ssd1306.o(.data)
    SSD1306                                  0x20000016   Data           6  ssd1306.o(.data)
    .data                                    0x2000001c   Section       12  stm32f1xx_hal.o(.data)
    .data                                    0x20000028   Section        4  system_stm32f1xx.o(.data)
    .data                                    0x2000002c   Section       60  tasks.o(.data)
    pxDelayedTaskList                        0x20000030   Data           4  tasks.o(.data)
    pxOverflowDelayedTaskList                0x20000034   Data           4  tasks.o(.data)
    uxDeletedTasksWaitingCleanUp             0x20000038   Data           4  tasks.o(.data)
    uxCurrentNumberOfTasks                   0x2000003c   Data           4  tasks.o(.data)
    xTickCount                               0x20000040   Data           4  tasks.o(.data)
    uxTopReadyPriority                       0x20000044   Data           4  tasks.o(.data)
    xSchedulerRunning                        0x20000048   Data           4  tasks.o(.data)
    uxPendedTicks                            0x2000004c   Data           4  tasks.o(.data)
    xYieldPending                            0x20000050   Data           4  tasks.o(.data)
    xNumOfOverflows                          0x20000054   Data           4  tasks.o(.data)
    uxTaskNumber                             0x20000058   Data           4  tasks.o(.data)
    xNextTaskUnblockTime                     0x2000005c   Data           4  tasks.o(.data)
    xIdleTaskHandle                          0x20000060   Data           4  tasks.o(.data)
    uxSchedulerSuspended                     0x20000064   Data           4  tasks.o(.data)
    .data                                    0x20000068   Section       24  heap_4.o(.data)
    pxEnd                                    0x20000068   Data           4  heap_4.o(.data)
    xFreeBytesRemaining                      0x2000006c   Data           4  heap_4.o(.data)
    xMinimumEverFreeBytesRemaining           0x20000070   Data           4  heap_4.o(.data)
    xBlockAllocatedBit                       0x20000074   Data           4  heap_4.o(.data)
    xStart                                   0x20000078   Data           8  heap_4.o(.data)
    .data                                    0x20000080   Section       12  port.o(.data)
    ucMaxSysCallPriority                     0x20000080   Data           1  port.o(.data)
    uxCriticalNesting                        0x20000084   Data           4  port.o(.data)
    ulMaxPRIGROUPValue                       0x20000088   Data           4  port.o(.data)
    .bss                                     0x2000008c   Section       88  main.o(.bss)
    .bss                                     0x200000e4   Section       68  main.o(.bss)
    .bss                                     0x20000128   Section       64  stm32f1xx_hal_timebase_tim.o(.bss)
    .bss                                     0x20000168   Section       32  guislim.o(.bss)
    .bss                                     0x20000188   Section     1024  ssd1306.o(.bss)
    SSD1306_Buffer                           0x20000188   Data        1024  ssd1306.o(.bss)
    .bss                                     0x20000588   Section      240  tasks.o(.bss)
    pxReadyTasksLists                        0x20000588   Data         140  tasks.o(.bss)
    xDelayedTaskList1                        0x20000614   Data          20  tasks.o(.bss)
    xDelayedTaskList2                        0x20000628   Data          20  tasks.o(.bss)
    xPendingReadyList                        0x2000063c   Data          20  tasks.o(.bss)
    xTasksWaitingTermination                 0x20000650   Data          20  tasks.o(.bss)
    xSuspendedTaskList                       0x20000664   Data          20  tasks.o(.bss)
    .bss                                     0x20000678   Section     8192  heap_4.o(.bss)
    ucHeap                                   0x20000678   Data        8192  heap_4.o(.bss)
    STACK                                    0x20002678   Section     1024  startup_stm32f103xb.o(STACK)

    Global Symbols

    Symbol Name                              Value     Ov Type        Size  Object(Section)

    BuildAttributes$$THM_ISAv4$P$D$K$B$S$PE$A:L22UL41UL21$X:L11$S22US41US21$IEEE1$IW$USESV6$~STKCKD$USESV7$~SHL$OSPACE$ROPI$EBA8$MICROLIB$REQ8$PRES8$EABIv2 0x00000000   Number         0  anon$$obj.o ABSOLUTE
    __ARM_use_no_argv                        0x00000000   Number         0  main.o ABSOLUTE
    _printf_a                                0x00000000   Number         0  stubs.o ABSOLUTE
    _printf_c                                0x00000000   Number         0  stubs.o ABSOLUTE
    _printf_charcount                        0x00000000   Number         0  stubs.o ABSOLUTE
    _printf_d                                0x00000000   Number         0  stubs.o ABSOLUTE
    _printf_e                                0x00000000   Number         0  stubs.o ABSOLUTE
    _printf_f                                0x00000000   Number         0  stubs.o ABSOLUTE
    _printf_flags                            0x00000000   Number         0  stubs.o ABSOLUTE
    _printf_fp_dec                           0x00000000   Number         0  stubs.o ABSOLUTE
    _printf_fp_hex                           0x00000000   Number         0  stubs.o ABSOLUTE
    _printf_g                                0x00000000   Number         0  stubs.o ABSOLUTE
    _printf_i                                0x00000000   Number         0  stubs.o ABSOLUTE
    _printf_int_dec                          0x00000000   Number         0  stubs.o ABSOLUTE
    _printf_l                                0x00000000   Number         0  stubs.o ABSOLUTE
    _printf_lc                               0x00000000   Number         0  stubs.o ABSOLUTE
    _printf_ll                               0x00000000   Number         0  stubs.o ABSOLUTE
    _printf_lld                              0x00000000   Number         0  stubs.o ABSOLUTE
    _printf_lli                              0x00000000   Number         0  stubs.o ABSOLUTE
    _printf_llo                              0x00000000   Number         0  stubs.o ABSOLUTE
    _printf_llu                              0x00000000   Number         0  stubs.o ABSOLUTE
    _printf_llx                              0x00000000   Number         0  stubs.o ABSOLUTE
    _printf_longlong_dec                     0x00000000   Number         0  stubs.o ABSOLUTE
    _printf_longlong_hex                     0x00000000   Number         0  stubs.o ABSOLUTE
    _printf_longlong_oct                     0x00000000   Number         0  stubs.o ABSOLUTE
    _printf_ls                               0x00000000   Number         0  stubs.o ABSOLUTE
    _printf_mbtowc                           0x00000000   Number         0  stubs.o ABSOLUTE
    _printf_n                                0x00000000   Number         0  stubs.o ABSOLUTE
    _printf_o                                0x00000000   Number         0  stubs.o ABSOLUTE
    _printf_p                                0x00000000   Number         0  stubs.o ABSOLUTE
    _printf_percent                          0x00000000   Number         0  stubs.o ABSOLUTE
    _printf_pre_padding                      0x00000000   Number         0  stubs.o ABSOLUTE
    _printf_return_value                     0x00000000   Number         0  stubs.o ABSOLUTE
    _printf_s                                0x00000000   Number         0  stubs.o ABSOLUTE
    _printf_sizespec                         0x00000000   Number         0  stubs.o ABSOLUTE
    _printf_str                              0x00000000   Number         0  stubs.o ABSOLUTE
    _printf_truncate_signed                  0x00000000   Number         0  stubs.o ABSOLUTE
    _printf_truncate_unsigned                0x00000000   Number         0  stubs.o ABSOLUTE
    _printf_u                                0x00000000   Number         0  stubs.o ABSOLUTE
    _printf_wc                               0x00000000   Number         0  stubs.o ABSOLUTE
    _printf_wctomb                           0x00000000   Number         0  stubs.o ABSOLUTE
    _printf_widthprec                        0x00000000   Number         0  stubs.o ABSOLUTE
    _printf_x                                0x00000000   Number         0  stubs.o ABSOLUTE
    __cpp_initialize__aeabi_                  - Undefined Weak Reference
    __cxa_finalize                            - Undefined Weak Reference
    __decompress                              - Undefined Weak Reference
    _clock_init                               - Undefined Weak Reference
    _microlib_exit                            - Undefined Weak Reference
    __Vectors_Size                           0x000000ec   Number         0  startup_stm32f103xb.o ABSOLUTE
    __Vectors                                0x08000000   Data           4  startup_stm32f103xb.o(RESET)
    __Vectors_End                            0x080000ec   Data           0  startup_stm32f103xb.o(RESET)
    __main                                   0x080000ed   Thumb Code     0  entry.o(.ARM.Collect$$$$00000000)
    _main_stk                                0x080000ed   Thumb Code     0  entry2.o(.ARM.Collect$$$$00000001)
    _main_scatterload                        0x080000f1   Thumb Code     0  entry5.o(.ARM.Collect$$$$00000004)
    __main_after_scatterload                 0x080000f5   Thumb Code     0  entry5.o(.ARM.Collect$$$$00000004)
    _main_clock                              0x080000f5   Thumb Code     0  entry7b.o(.ARM.Collect$$$$00000008)
    _main_cpp_init                           0x080000f5   Thumb Code     0  entry8b.o(.ARM.Collect$$$$0000000A)
    _main_init                               0x080000f5   Thumb Code     0  entry9a.o(.ARM.Collect$$$$0000000B)
    __rt_final_cpp                           0x080000fd   Thumb Code     0  entry10a.o(.ARM.Collect$$$$0000000D)
    __rt_final_exit                          0x080000fd   Thumb Code     0  entry11a.o(.ARM.Collect$$$$0000000F)
    SVC_Handler                              0x08000101   Thumb Code    32  port.o(.emb_text)
    __asm___6_port_c_39a90d8d__prvStartFirstTask 0x08000125   Thumb Code    28  port.o(.emb_text)
    PendSV_Handler                           0x08000145   Thumb Code    72  port.o(.emb_text)
    vPortGetIPSR                             0x08000191   Thumb Code     6  port.o(.emb_text)
    Reset_Handler                            0x08000199   Thumb Code     8  startup_stm32f103xb.o(.text)
    ADC1_2_IRQHandler                        0x080001b3   Thumb Code     0  startup_stm32f103xb.o(.text)
    CAN1_RX1_IRQHandler                      0x080001b3   Thumb Code     0  startup_stm32f103xb.o(.text)
    CAN1_SCE_IRQHandler                      0x080001b3   Thumb Code     0  startup_stm32f103xb.o(.text)
    DMA1_Channel2_IRQHandler                 0x080001b3   Thumb Code     0  startup_stm32f103xb.o(.text)
    DMA1_Channel3_IRQHandler                 0x080001b3   Thumb Code     0  startup_stm32f103xb.o(.text)
    DMA1_Channel4_IRQHandler                 0x080001b3   Thumb Code     0  startup_stm32f103xb.o(.text)
    DMA1_Channel5_IRQHandler                 0x080001b3   Thumb Code     0  startup_stm32f103xb.o(.text)
    DMA1_Channel6_IRQHandler                 0x080001b3   Thumb Code     0  startup_stm32f103xb.o(.text)
    DMA1_Channel7_IRQHandler                 0x080001b3   Thumb Code     0  startup_stm32f103xb.o(.text)
    EXTI0_IRQHandler                         0x080001b3   Thumb Code     0  startup_stm32f103xb.o(.text)
    EXTI15_10_IRQHandler                     0x080001b3   Thumb Code     0  startup_stm32f103xb.o(.text)
    EXTI1_IRQHandler                         0x080001b3   Thumb Code     0  startup_stm32f103xb.o(.text)
    EXTI2_IRQHandler                         0x080001b3   Thumb Code     0  startup_stm32f103xb.o(.text)
    EXTI3_IRQHandler                         0x080001b3   Thumb Code     0  startup_stm32f103xb.o(.text)
    EXTI4_IRQHandler                         0x080001b3   Thumb Code     0  startup_stm32f103xb.o(.text)
    EXTI9_5_IRQHandler                       0x080001b3   Thumb Code     0  startup_stm32f103xb.o(.text)
    FLASH_IRQHandler                         0x080001b3   Thumb Code     0  startup_stm32f103xb.o(.text)
    I2C1_ER_IRQHandler                       0x080001b3   Thumb Code     0  startup_stm32f103xb.o(.text)
    I2C1_EV_IRQHandler                       0x080001b3   Thumb Code     0  startup_stm32f103xb.o(.text)
    I2C2_ER_IRQHandler                       0x080001b3   Thumb Code     0  startup_stm32f103xb.o(.text)
    I2C2_EV_IRQHandler                       0x080001b3   Thumb Code     0  startup_stm32f103xb.o(.text)
    PVD_IRQHandler                           0x080001b3   Thumb Code     0  startup_stm32f103xb.o(.text)
    RCC_IRQHandler                           0x080001b3   Thumb Code     0  startup_stm32f103xb.o(.text)
    RTC_Alarm_IRQHandler                     0x080001b3   Thumb Code     0  startup_stm32f103xb.o(.text)
    RTC_IRQHandler                           0x080001b3   Thumb Code     0  startup_stm32f103xb.o(.text)
    SPI1_IRQHandler                          0x080001b3   Thumb Code     0  startup_stm32f103xb.o(.text)
    SPI2_IRQHandler                          0x080001b3   Thumb Code     0  startup_stm32f103xb.o(.text)
    TAMPER_IRQHandler                        0x080001b3   Thumb Code     0  startup_stm32f103xb.o(.text)
    TIM1_BRK_IRQHandler                      0x080001b3   Thumb Code     0  startup_stm32f103xb.o(.text)
    TIM1_CC_IRQHandler                       0x080001b3   Thumb Code     0  startup_stm32f103xb.o(.text)
    TIM1_TRG_COM_IRQHandler                  0x080001b3   Thumb Code     0  startup_stm32f103xb.o(.text)
    TIM1_UP_IRQHandler                       0x080001b3   Thumb Code     0  startup_stm32f103xb.o(.text)
    TIM2_IRQHandler                          0x080001b3   Thumb Code     0  startup_stm32f103xb.o(.text)
    TIM3_IRQHandler                          0x080001b3   Thumb Code     0  startup_stm32f103xb.o(.text)
    USART1_IRQHandler                        0x080001b3   Thumb Code     0  startup_stm32f103xb.o(.text)
    USART2_IRQHandler                        0x080001b3   Thumb Code     0  startup_stm32f103xb.o(.text)
    USART3_IRQHandler                        0x080001b3   Thumb Code     0  startup_stm32f103xb.o(.text)
    USBWakeUp_IRQHandler                     0x080001b3   Thumb Code     0  startup_stm32f103xb.o(.text)
    USB_HP_CAN1_TX_IRQHandler                0x080001b3   Thumb Code     0  startup_stm32f103xb.o(.text)
    USB_LP_CAN1_RX0_IRQHandler               0x080001b3   Thumb Code     0  startup_stm32f103xb.o(.text)
    WWDG_IRQHandler                          0x080001b3   Thumb Code     0  startup_stm32f103xb.o(.text)
    __aeabi_memcpy                           0x080001bd   Thumb Code    36  memcpya.o(.text)
    __aeabi_memcpy4                          0x080001bd   Thumb Code     0  memcpya.o(.text)
    __aeabi_memcpy8                          0x080001bd   Thumb Code     0  memcpya.o(.text)
    __aeabi_memset                           0x080001e1   Thumb Code    14  memseta.o(.text)
    __aeabi_memset4                          0x080001e1   Thumb Code     0  memseta.o(.text)
    __aeabi_memset8                          0x080001e1   Thumb Code     0  memseta.o(.text)
    __aeabi_memclr                           0x080001ef   Thumb Code     4  memseta.o(.text)
    __aeabi_memclr4                          0x080001ef   Thumb Code     0  memseta.o(.text)
    __aeabi_memclr8                          0x080001ef   Thumb Code     0  memseta.o(.text)
    memset                                   0x080001f3   Thumb Code    18  memseta.o(.text)
    __aeabi_uidiv                            0x08000205   Thumb Code     0  uidiv.o(.text)
    __aeabi_uidivmod                         0x08000205   Thumb Code    44  uidiv.o(.text)
    __scatterload                            0x08000231   Thumb Code    28  init.o(.text)
    __scatterload_rt2                        0x08000231   Thumb Code     0  init.o(.text)
    ADC_ConversionStop_Disable               0x08000255   Thumb Code    76  stm32f1xx_hal_adc.o(i.ADC_ConversionStop_Disable)
    ADC_DMAConvCplt                          0x080002a1   Thumb Code    78  stm32f1xx_hal_adc.o(i.ADC_DMAConvCplt)
    ADC_DMAError                             0x080002ef   Thumb Code    26  stm32f1xx_hal_adc.o(i.ADC_DMAError)
    ADC_DMAHalfConvCplt                      0x08000309   Thumb Code    10  stm32f1xx_hal_adc.o(i.ADC_DMAHalfConvCplt)
    ADC_Enable                               0x08000315   Thumb Code   104  stm32f1xx_hal_adc.o(i.ADC_Enable)
    BusFault_Handler                         0x08000385   Thumb Code     2  stm32f1xx_it.o(i.BusFault_Handler)
    DMA1_Channel1_IRQHandler                 0x08000389   Thumb Code     6  stm32f1xx_it.o(i.DMA1_Channel1_IRQHandler)
    DebugMon_Handler                         0x080003bf   Thumb Code     2  stm32f1xx_it.o(i.DebugMon_Handler)
    DrawBitLine1BPP                          0x080003c1   Thumb Code   354  guislim.o(i.DrawBitLine1BPP)
    Error_Handler                            0x08000529   Thumb Code     2  main.o(i.Error_Handler)
    GL_DispChar                              0x0800052d   Thumb Code    22  guislim.o(i.GL_DispChar)
    GL_DrawBitmap                            0x08000549   Thumb Code    28  guislim.o(i.GL_DrawBitmap)
    GUIPROP_DispChar                         0x08000565   Thumb Code   122  guislim.o(i.GUIPROP_DispChar)
    GUIPROP_GetCharDistX                     0x080005fd   Thumb Code    38  guislim.o(i.GUIPROP_GetCharDistX)
    GUIPROP_GetFontInfo                      0x08000629   Thumb Code     6  guislim.o(i.GUIPROP_GetFontInfo)
    GUIPROP_IsInFont                         0x0800062f   Thumb Code    16  guislim.o(i.GUIPROP_IsInFont)
    GUI_Clear                                0x0800063f   Thumb Code    26  guislim.o(i.GUI_Clear)
    GUI_ClearRect                            0x08000659   Thumb Code    20  guislim.o(i.GUI_ClearRect)
    GUI_DispNextLine                         0x0800066d   Thumb Code    16  guislim.o(i.GUI_DispNextLine)
    GUI_DispString                           0x08000681   Thumb Code   234  guislim.o(i.GUI_DispString)
    GUI_DispStringAt                         0x08000771   Thumb Code    10  guislim.o(i.GUI_DispStringAt)
    GUI_DispStringHCenterAt                  0x08000781   Thumb Code    44  guislim.o(i.GUI_DispStringHCenterAt)
    GUI_DrawBitmap                           0x080007b1   Thumb Code     4  guislim.o(i.GUI_DrawBitmap)
    GUI_FillRect                             0x080007b5   Thumb Code    34  guislim.o(i.GUI_FillRect)
    GUI_GetCharDistX                         0x080007d9   Thumb Code     8  guislim.o(i.GUI_GetCharDistX)
    GUI_GetFontDistY                         0x080007e5   Thumb Code     8  guislim.o(i.GUI_GetFontDistY)
    GUI_GetYAdjust                           0x080007f1   Thumb Code    38  guislim.o(i.GUI_GetYAdjust)
    GUI_GotoXY                               0x0800081d   Thumb Code    20  guislim.o(i.GUI_GotoXY)
    GUI_Init                                 0x08000831   Thumb Code    46  guislim.o(i.GUI_Init)
    GUI_SetColor                             0x0800086d   Thumb Code    12  guislim.o(i.GUI_SetColor)
    GUI_SetFont                              0x0800087d   Thumb Code    12  guislim.o(i.GUI_SetFont)
    GUI_SetTextAlign                         0x0800088d   Thumb Code    12  guislim.o(i.GUI_SetTextAlign)
    GUI_UC__NumChars2NumBytes                0x0800089d   Thumb Code    12  guislim.o(i.GUI_UC__NumChars2NumBytes)
    GUI_Update                               0x080008a9   Thumb Code     4  guislim.o(i.GUI_Update)
    GUI__DispLine                            0x080008ad   Thumb Code    48  guislim.o(i.GUI__DispLine)
    GUI__GetLineDistX                        0x080008e1   Thumb Code    50  guislim.o(i.GUI__GetLineDistX)
    GUI__GetLineNumChars                     0x08000913   Thumb Code    34  guislim.o(i.GUI__GetLineNumChars)
    HAL_ADCEx_Calibration_Start              0x08000935   Thumb Code   194  stm32f1xx_hal_adc_ex.o(i.HAL_ADCEx_Calibration_Start)
    HAL_ADC_ConfigChannel                    0x080009fd   Thumb Code   240  stm32f1xx_hal_adc.o(i.HAL_ADC_ConfigChannel)
    HAL_ADC_ConvCpltCallback                 0x08000af9   Thumb Code    34  main.o(i.HAL_ADC_ConvCpltCallback)
    HAL_ADC_ConvHalfCpltCallback             0x08000b25   Thumb Code     2  stm32f1xx_hal_adc.o(i.HAL_ADC_ConvHalfCpltCallback)
    HAL_ADC_ErrorCallback                    0x08000b27   Thumb Code     2  stm32f1xx_hal_adc.o(i.HAL_ADC_ErrorCallback)
    HAL_ADC_Init                             0x08000b29   Thumb Code   272  stm32f1xx_hal_adc.o(i.HAL_ADC_Init)
    HAL_ADC_MspInit                          0x08000c45   Thumb Code   122  stm32f1xx_hal_msp.o(i.HAL_ADC_MspInit)
    HAL_ADC_Start_DMA                        0x08000cd5   Thumb Code   246  stm32f1xx_hal_adc.o(i.HAL_ADC_Start_DMA)
    HAL_DMA_IRQHandler                       0x08000de1   Thumb Code   316  stm32f1xx_hal_dma.o(i.HAL_DMA_IRQHandler)
    HAL_DMA_Init                             0x08000f35   Thumb Code    84  stm32f1xx_hal_dma.o(i.HAL_DMA_Init)
    HAL_DMA_Start_IT                         0x08000f91   Thumb Code   112  stm32f1xx_hal_dma.o(i.HAL_DMA_Start_IT)
    HAL_Delay                                0x08001001   Thumb Code    32  stm32f1xx_hal.o(i.HAL_Delay)
    HAL_GPIO_Init                            0x08001025   Thumb Code   446  stm32f1xx_hal_gpio.o(i.HAL_GPIO_Init)
    HAL_GPIO_ReadPin                         0x08001205   Thumb Code    10  stm32f1xx_hal_gpio.o(i.HAL_GPIO_ReadPin)
    HAL_GPIO_WritePin                        0x0800120f   Thumb Code    10  stm32f1xx_hal_gpio.o(i.HAL_GPIO_WritePin)
    HAL_GetTick                              0x08001219   Thumb Code     6  stm32f1xx_hal.o(i.HAL_GetTick)
    HAL_IncTick                              0x08001225   Thumb Code    12  stm32f1xx_hal.o(i.HAL_IncTick)
    HAL_Init                                 0x08001235   Thumb Code    32  stm32f1xx_hal.o(i.HAL_Init)
    HAL_InitTick                             0x08001259   Thumb Code   100  stm32f1xx_hal_timebase_tim.o(i.HAL_InitTick)
    HAL_MspInit                              0x080012cd   Thumb Code    62  stm32f1xx_hal_msp.o(i.HAL_MspInit)
    HAL_NVIC_EnableIRQ                       0x08001315   Thumb Code    26  stm32f1xx_hal_cortex.o(i.HAL_NVIC_EnableIRQ)
    HAL_NVIC_SetPriority                     0x08001331   Thumb Code    60  stm32f1xx_hal_cortex.o(i.HAL_NVIC_SetPriority)
    HAL_NVIC_SetPriorityGrouping             0x08001371   Thumb Code    26  stm32f1xx_hal_cortex.o(i.HAL_NVIC_SetPriorityGrouping)
    HAL_RCCEx_GetPeriphCLKFreq               0x08001395   Thumb Code   166  stm32f1xx_hal_rcc_ex.o(i.HAL_RCCEx_GetPeriphCLKFreq)
    HAL_RCCEx_PeriphCLKConfig                0x0800145d   Thumb Code   224  stm32f1xx_hal_rcc_ex.o(i.HAL_RCCEx_PeriphCLKConfig)
    HAL_RCC_ClockConfig                      0x08001549   Thumb Code   280  stm32f1xx_hal_rcc.o(i.HAL_RCC_ClockConfig)
    HAL_RCC_GetClockConfig                   0x08001675   Thumb Code    54  stm32f1xx_hal_rcc.o(i.HAL_RCC_GetClockConfig)
    HAL_RCC_GetPCLK1Freq                     0x080016b5   Thumb Code    20  stm32f1xx_hal_rcc.o(i.HAL_RCC_GetPCLK1Freq)
    HAL_RCC_GetPCLK2Freq                     0x080016d5   Thumb Code    20  stm32f1xx_hal_rcc.o(i.HAL_RCC_GetPCLK2Freq)
    HAL_RCC_GetSysClockFreq                  0x080016f5   Thumb Code    74  stm32f1xx_hal_rcc.o(i.HAL_RCC_GetSysClockFreq)
    HAL_RCC_OscConfig                        0x08001761   Thumb Code   778  stm32f1xx_hal_rcc.o(i.HAL_RCC_OscConfig)
    HAL_TIMEx_BreakCallback                  0x08001a81   Thumb Code     2  stm32f1xx_hal_tim_ex.o(i.HAL_TIMEx_BreakCallback)
    HAL_TIMEx_CommutCallback                 0x08001a83   Thumb Code     2  stm32f1xx_hal_tim_ex.o(i.HAL_TIMEx_CommutCallback)
    HAL_TIM_Base_Init                        0x08001a85   Thumb Code    54  stm32f1xx_hal_tim.o(i.HAL_TIM_Base_Init)
    HAL_TIM_Base_MspInit                     0x08001abb   Thumb Code     2  stm32f1xx_hal_tim.o(i.HAL_TIM_Base_MspInit)
    HAL_TIM_Base_Start_IT                    0x08001abd   Thumb Code    34  stm32f1xx_hal_tim.o(i.HAL_TIM_Base_Start_IT)
    HAL_TIM_IC_CaptureCallback               0x08001adf   Thumb Code     2  stm32f1xx_hal_tim.o(i.HAL_TIM_IC_CaptureCallback)
    HAL_TIM_IRQHandler                       0x08001ae1   Thumb Code   358  stm32f1xx_hal_tim.o(i.HAL_TIM_IRQHandler)
    HAL_TIM_OC_DelayElapsedCallback          0x08001c47   Thumb Code     2  stm32f1xx_hal_tim.o(i.HAL_TIM_OC_DelayElapsedCallback)
    HAL_TIM_PWM_PulseFinishedCallback        0x08001c49   Thumb Code     2  stm32f1xx_hal_tim.o(i.HAL_TIM_PWM_PulseFinishedCallback)
    HAL_TIM_PeriodElapsedCallback            0x08001c4d   Thumb Code    14  main.o(i.HAL_TIM_PeriodElapsedCallback)
    HAL_TIM_TriggerCallback                  0x08001c61   Thumb Code     2  stm32f1xx_hal_tim.o(i.HAL_TIM_TriggerCallback)
    HardFault_Handler                        0x08001c63   Thumb Code     2  stm32f1xx_it.o(i.HardFault_Handler)
    KEY_Scan                                 0x08001c65   Thumb Code   194  main.o(i.KEY_Scan)
    LCD_DrawBitmap1BPP                       0x08001d31   Thumb Code   132  guislim.o(i.LCD_DrawBitmap1BPP)
    LCD_DrawHLine                            0x08001db9   Thumb Code    62  guislim.o(i.LCD_DrawHLine)
    LCD_L0_DrawBitmap1BPP                    0x08001dfd   Thumb Code    52  guislim.o(i.LCD_L0_DrawBitmap1BPP)
    MemManage_Handler                        0x08001f39   Thumb Code     2  stm32f1xx_it.o(i.MemManage_Handler)
    NMI_Handler                              0x08001f3b   Thumb Code     2  stm32f1xx_it.o(i.NMI_Handler)
    OLED_IIC_SendByte                        0x08001f3d   Thumb Code    92  ssd1306_i2c.o(i.OLED_IIC_SendByte)
    OLED_IIC_Start                           0x08001f9d   Thumb Code    52  ssd1306_i2c.o(i.OLED_IIC_Start)
    OLED_IIC_Stop                            0x08001fd5   Thumb Code    54  ssd1306_i2c.o(i.OLED_IIC_Stop)
    SSD1306_DrawFilledRectangle              0x08002011   Thumb Code    86  ssd1306.o(i.SSD1306_DrawFilledRectangle)
    SSD1306_DrawLine                         0x08002067   Thumb Code   266  ssd1306.o(i.SSD1306_DrawLine)
    SSD1306_DrawPixel                        0x08002171   Thumb Code    54  ssd1306.o(i.SSD1306_DrawPixel)
    SSD1306_Fill                             0x080021b1   Thumb Code    18  ssd1306.o(i.SSD1306_Fill)
    SSD1306_UpdateScreen                     0x080021c9   Thumb Code    58  ssd1306.o(i.SSD1306_UpdateScreen)
    SSD1306_WriteByte                        0x08002209   Thumb Code    36  ssd1306.o(i.SSD1306_WriteByte)
    SSD1306_WriteMuliByte                    0x0800222d   Thumb Code    50  ssd1306.o(i.SSD1306_WriteMuliByte)
    SSD1306_init                             0x08002261   Thumb Code   250  ssd1306.o(i.SSD1306_init)
    ShowMPUGUI                               0x08002361   Thumb Code    24  main.o(i.ShowMPUGUI)
    ShowMainGUI                              0x08002385   Thumb Code   224  main.o(i.ShowMainGUI)
    ShowPWMGUI                               0x080024a1   Thumb Code    24  main.o(i.ShowPWMGUI)
    ShowTestGUI                              0x080024c1   Thumb Code   406  main.o(i.ShowTestGUI)
    ShowWiFiGUI                              0x08002695   Thumb Code    24  main.o(i.ShowWiFiGUI)
    StartDefaultTask                         0x080026b9   Thumb Code    50  main.o(i.StartDefaultTask)
    StartTaskGUI                             0x080026ed   Thumb Code    56  main.o(i.StartTaskGUI)
    StartTaskKeyScan                         0x08002729   Thumb Code    90  main.o(i.StartTaskKeyScan)
    SysTick_Handler                          0x08002789   Thumb Code    38  port.o(i.SysTick_Handler)
    SystemClock_Config                       0x080027b5   Thumb Code    96  main.o(i.SystemClock_Config)
    SystemInit                               0x08002815   Thumb Code    56  system_stm32f1xx.o(i.SystemInit)
    TIM4_IRQHandler                          0x0800285d   Thumb Code     6  stm32f1xx_it.o(i.TIM4_IRQHandler)
    TIM_Base_SetConfig                       0x08002869   Thumb Code    94  stm32f1xx_hal_tim.o(i.TIM_Base_SetConfig)
    UsageFault_Handler                       0x080028d5   Thumb Code     2  stm32f1xx_it.o(i.UsageFault_Handler)
    __0sprintf$1                             0x080028f1   Thumb Code    34  printf1.o(i.__0sprintf$1)
    __1sprintf$1                             0x080028f1   Thumb Code     0  printf1.o(i.__0sprintf$1)
    __2sprintf                               0x080028f1   Thumb Code     0  printf1.o(i.__0sprintf$1)
    __scatterload_copy                       0x08002939   Thumb Code    14  handlers.o(i.__scatterload_copy)
    __scatterload_null                       0x08002947   Thumb Code     2  handlers.o(i.__scatterload_null)
    __scatterload_zeroinit                   0x08002949   Thumb Code    14  handlers.o(i.__scatterload_zeroinit)
    main                                     0x08002ab9   Thumb Code   348  main.o(i.main)
    osDelay                                  0x08002c5d   Thumb Code    14  cmsis_os.o(i.osDelay)
    osKernelStart                            0x08002c6b   Thumb Code    10  cmsis_os.o(i.osKernelStart)
    osThreadCreate                           0x08002c75   Thumb Code    46  cmsis_os.o(i.osThreadCreate)
    pvPortMalloc                             0x08002fc9   Thumb Code   210  heap_4.o(i.pvPortMalloc)
    pxPortInitialiseStack                    0x080030a1   Thumb Code    32  port.o(i.pxPortInitialiseStack)
    setLED                                   0x080030c5   Thumb Code    68  main.o(i.setLED)
    uxListRemove                             0x08003111   Thumb Code    38  list.o(i.uxListRemove)
    vListInitialise                          0x08003137   Thumb Code    22  list.o(i.vListInitialise)
    vListInitialiseItem                      0x0800314d   Thumb Code     6  list.o(i.vListInitialiseItem)
    vListInsert                              0x08003153   Thumb Code    48  list.o(i.vListInsert)
    vListInsertEnd                           0x08003183   Thumb Code    24  list.o(i.vListInsertEnd)
    vPortEnterCritical                       0x0800319d   Thumb Code    54  port.o(i.vPortEnterCritical)
    vPortExitCritical                        0x080031dd   Thumb Code    34  port.o(i.vPortExitCritical)
    vPortFree                                0x08003205   Thumb Code    88  heap_4.o(i.vPortFree)
    vPortSetupTimerInterrupt                 0x08003261   Thumb Code    32  port.o(i.vPortSetupTimerInterrupt)
    vTaskDelay                               0x08003285   Thumb Code    66  tasks.o(i.vTaskDelay)
    vTaskStartScheduler                      0x080032d1   Thumb Code    86  tasks.o(i.vTaskStartScheduler)
    vTaskSuspendAll                          0x08003339   Thumb Code    10  tasks.o(i.vTaskSuspendAll)
    vTaskSwitchContext                       0x08003349   Thumb Code    82  tasks.o(i.vTaskSwitchContext)
    xPortStartScheduler                      0x080033a5   Thumb Code   154  port.o(i.xPortStartScheduler)
    xTaskCreate                              0x0800344d   Thumb Code    86  tasks.o(i.xTaskCreate)
    xTaskIncrementTick                       0x080034a5   Thumb Code   192  tasks.o(i.xTaskIncrementTick)
    xTaskResumeAll                           0x0800356d   Thumb Code   182  tasks.o(i.xTaskResumeAll)
    acFontHZSimSun_16_0020                   0x08003630   Data          16  simsun_16.o(.constdata)
    acFontHZSimSun_16_0021                   0x08003640   Data          16  simsun_16.o(.constdata)
    acFontHZSimSun_16_0022                   0x08003650   Data          16  simsun_16.o(.constdata)
    acFontHZSimSun_16_0023                   0x08003660   Data          16  simsun_16.o(.constdata)
    acFontHZSimSun_16_0024                   0x08003670   Data          16  simsun_16.o(.constdata)
    acFontHZSimSun_16_0025                   0x08003680   Data          16  simsun_16.o(.constdata)
    acFontHZSimSun_16_0026                   0x08003690   Data          16  simsun_16.o(.constdata)
    acFontHZSimSun_16_0027                   0x080036a0   Data          16  simsun_16.o(.constdata)
    acFontHZSimSun_16_0028                   0x080036b0   Data          16  simsun_16.o(.constdata)
    acFontHZSimSun_16_0029                   0x080036c0   Data          16  simsun_16.o(.constdata)
    acFontHZSimSun_16_002a                   0x080036d0   Data          16  simsun_16.o(.constdata)
    acFontHZSimSun_16_002b                   0x080036e0   Data          16  simsun_16.o(.constdata)
    acFontHZSimSun_16_002c                   0x080036f0   Data          16  simsun_16.o(.constdata)
    acFontHZSimSun_16_002d                   0x08003700   Data          16  simsun_16.o(.constdata)
    acFontHZSimSun_16_002e                   0x08003710   Data          16  simsun_16.o(.constdata)
    acFontHZSimSun_16_002f                   0x08003720   Data          16  simsun_16.o(.constdata)
    acFontHZSimSun_16_0030                   0x08003730   Data          16  simsun_16.o(.constdata)
    acFontHZSimSun_16_0031                   0x08003740   Data          16  simsun_16.o(.constdata)
    acFontHZSimSun_16_0032                   0x08003750   Data          16  simsun_16.o(.constdata)
    acFontHZSimSun_16_0033                   0x08003760   Data          16  simsun_16.o(.constdata)
    acFontHZSimSun_16_0034                   0x08003770   Data          16  simsun_16.o(.constdata)
    acFontHZSimSun_16_0035                   0x08003780   Data          16  simsun_16.o(.constdata)
    acFontHZSimSun_16_0036                   0x08003790   Data          16  simsun_16.o(.constdata)
    acFontHZSimSun_16_0037                   0x080037a0   Data          16  simsun_16.o(.constdata)
    acFontHZSimSun_16_0038                   0x080037b0   Data          16  simsun_16.o(.constdata)
    acFontHZSimSun_16_0039                   0x080037c0   Data          16  simsun_16.o(.constdata)
    acFontHZSimSun_16_003a                   0x080037d0   Data          16  simsun_16.o(.constdata)
    acFontHZSimSun_16_003b                   0x080037e0   Data          16  simsun_16.o(.constdata)
    acFontHZSimSun_16_003c                   0x080037f0   Data          16  simsun_16.o(.constdata)
    acFontHZSimSun_16_003d                   0x08003800   Data          16  simsun_16.o(.constdata)
    acFontHZSimSun_16_003e                   0x08003810   Data          16  simsun_16.o(.constdata)
    acFontHZSimSun_16_003f                   0x08003820   Data          16  simsun_16.o(.constdata)
    acFontHZSimSun_16_0040                   0x08003830   Data          16  simsun_16.o(.constdata)
    acFontHZSimSun_16_0041                   0x08003840   Data          16  simsun_16.o(.constdata)
    acFontHZSimSun_16_0042                   0x08003850   Data          16  simsun_16.o(.constdata)
    acFontHZSimSun_16_0043                   0x08003860   Data          16  simsun_16.o(.constdata)
    acFontHZSimSun_16_0044                   0x08003870   Data          16  simsun_16.o(.constdata)
    acFontHZSimSun_16_0045                   0x08003880   Data          16  simsun_16.o(.constdata)
    acFontHZSimSun_16_0046                   0x08003890   Data          16  simsun_16.o(.constdata)
    acFontHZSimSun_16_0047                   0x080038a0   Data          16  simsun_16.o(.constdata)
    acFontHZSimSun_16_0048                   0x080038b0   Data          16  simsun_16.o(.constdata)
    acFontHZSimSun_16_0049                   0x080038c0   Data          16  simsun_16.o(.constdata)
    acFontHZSimSun_16_004a                   0x080038d0   Data          16  simsun_16.o(.constdata)
    acFontHZSimSun_16_004b                   0x080038e0   Data          16  simsun_16.o(.constdata)
    acFontHZSimSun_16_004c                   0x080038f0   Data          16  simsun_16.o(.constdata)
    acFontHZSimSun_16_004d                   0x08003900   Data          16  simsun_16.o(.constdata)
    acFontHZSimSun_16_004e                   0x08003910   Data          16  simsun_16.o(.constdata)
    acFontHZSimSun_16_004f                   0x08003920   Data          16  simsun_16.o(.constdata)
    acFontHZSimSun_16_0050                   0x08003930   Data          16  simsun_16.o(.constdata)
    acFontHZSimSun_16_0051                   0x08003940   Data          16  simsun_16.o(.constdata)
    acFontHZSimSun_16_0052                   0x08003950   Data          16  simsun_16.o(.constdata)
    acFontHZSimSun_16_0053                   0x08003960   Data          16  simsun_16.o(.constdata)
    acFontHZSimSun_16_0054                   0x08003970   Data          16  simsun_16.o(.constdata)
    acFontHZSimSun_16_0055                   0x08003980   Data          16  simsun_16.o(.constdata)
    acFontHZSimSun_16_0056                   0x08003990   Data          16  simsun_16.o(.constdata)
    acFontHZSimSun_16_0057                   0x080039a0   Data          16  simsun_16.o(.constdata)
    acFontHZSimSun_16_0058                   0x080039b0   Data          16  simsun_16.o(.constdata)
    acFontHZSimSun_16_0059                   0x080039c0   Data          16  simsun_16.o(.constdata)
    acFontHZSimSun_16_005a                   0x080039d0   Data          16  simsun_16.o(.constdata)
    acFontHZSimSun_16_005b                   0x080039e0   Data          16  simsun_16.o(.constdata)
    acFontHZSimSun_16_005c                   0x080039f0   Data          16  simsun_16.o(.constdata)
    acFontHZSimSun_16_005d                   0x08003a00   Data          16  simsun_16.o(.constdata)
    acFontHZSimSun_16_005e                   0x08003a10   Data          16  simsun_16.o(.constdata)
    acFontHZSimSun_16_005f                   0x08003a20   Data          16  simsun_16.o(.constdata)
    acFontHZSimSun_16_0060                   0x08003a30   Data          16  simsun_16.o(.constdata)
    acFontHZSimSun_16_0061                   0x08003a40   Data          16  simsun_16.o(.constdata)
    acFontHZSimSun_16_0062                   0x08003a50   Data          16  simsun_16.o(.constdata)
    acFontHZSimSun_16_0063                   0x08003a60   Data          16  simsun_16.o(.constdata)
    acFontHZSimSun_16_0064                   0x08003a70   Data          16  simsun_16.o(.constdata)
    acFontHZSimSun_16_0065                   0x08003a80   Data          16  simsun_16.o(.constdata)
    acFontHZSimSun_16_0066                   0x08003a90   Data          16  simsun_16.o(.constdata)
    acFontHZSimSun_16_0067                   0x08003aa0   Data          16  simsun_16.o(.constdata)
    acFontHZSimSun_16_0068                   0x08003ab0   Data          16  simsun_16.o(.constdata)
    acFontHZSimSun_16_0069                   0x08003ac0   Data          16  simsun_16.o(.constdata)
    acFontHZSimSun_16_006a                   0x08003ad0   Data          16  simsun_16.o(.constdata)
    acFontHZSimSun_16_006b                   0x08003ae0   Data          16  simsun_16.o(.constdata)
    acFontHZSimSun_16_006c                   0x08003af0   Data          16  simsun_16.o(.constdata)
    acFontHZSimSun_16_006d                   0x08003b00   Data          16  simsun_16.o(.constdata)
    acFontHZSimSun_16_006e                   0x08003b10   Data          16  simsun_16.o(.constdata)
    acFontHZSimSun_16_006f                   0x08003b20   Data          16  simsun_16.o(.constdata)
    acFontHZSimSun_16_0070                   0x08003b30   Data          16  simsun_16.o(.constdata)
    acFontHZSimSun_16_0071                   0x08003b40   Data          16  simsun_16.o(.constdata)
    acFontHZSimSun_16_0072                   0x08003b50   Data          16  simsun_16.o(.constdata)
    acFontHZSimSun_16_0073                   0x08003b60   Data          16  simsun_16.o(.constdata)
    acFontHZSimSun_16_0074                   0x08003b70   Data          16  simsun_16.o(.constdata)
    acFontHZSimSun_16_0075                   0x08003b80   Data          16  simsun_16.o(.constdata)
    acFontHZSimSun_16_0076                   0x08003b90   Data          16  simsun_16.o(.constdata)
    acFontHZSimSun_16_0077                   0x08003ba0   Data          16  simsun_16.o(.constdata)
    acFontHZSimSun_16_0078                   0x08003bb0   Data          16  simsun_16.o(.constdata)
    acFontHZSimSun_16_0079                   0x08003bc0   Data          16  simsun_16.o(.constdata)
    acFontHZSimSun_16_007a                   0x08003bd0   Data          16  simsun_16.o(.constdata)
    acFontHZSimSun_16_007b                   0x08003be0   Data          16  simsun_16.o(.constdata)
    acFontHZSimSun_16_007c                   0x08003bf0   Data          16  simsun_16.o(.constdata)
    acFontHZSimSun_16_007d                   0x08003c00   Data          16  simsun_16.o(.constdata)
    acFontHZSimSun_16_007e                   0x08003c10   Data          16  simsun_16.o(.constdata)
    acFontHZSimSun_16_007f                   0x08003c20   Data          16  simsun_16.o(.constdata)
    acFontHZSimSun_16_b2cb                   0x08003c30   Data          32  simsun_16.o(.constdata)
    acFontHZSimSun_16_b2e2                   0x08003c50   Data          32  simsun_16.o(.constdata)
    acFontHZSimSun_16_b3bf                   0x08003c70   Data          32  simsun_16.o(.constdata)
    acFontHZSimSun_16_b4f3                   0x08003c90   Data          32  simsun_16.o(.constdata)
    acFontHZSimSun_16_b5a5                   0x08003cb0   Data          32  simsun_16.o(.constdata)
    acFontHZSimSun_16_b5c6                   0x08003cd0   Data          32  simsun_16.o(.constdata)
    acFontHZSimSun_16_b5e7                   0x08003cf0   Data          32  simsun_16.o(.constdata)
    acFontHZSimSun_16_babc                   0x08003d10   Data          32  simsun_16.o(.constdata)
    acFontHZSimSun_16_bacf                   0x08003d30   Data          32  simsun_16.o(.constdata)
    acFontHZSimSun_16_baf4                   0x08003d50   Data          32  simsun_16.o(.constdata)
    acFontHZSimSun_16_bcbc                   0x08003d70   Data          32  simsun_16.o(.constdata)
    acFontHZSimSun_16_bcc6                   0x08003d90   Data          32  simsun_16.o(.constdata)
    acFontHZSimSun_16_bcf9                   0x08003db0   Data          32  simsun_16.o(.constdata)
    acFontHZSimSun_16_bdc7                   0x08003dd0   Data          32  simsun_16.o(.constdata)
    acFontHZSimSun_16_bde2                   0x08003df0   Data          32  simsun_16.o(.constdata)
    acFontHZSimSun_16_bfc6                   0x08003e10   Data          32  simsun_16.o(.constdata)
    acFontHZSimSun_16_c2dd                   0x08003e30   Data          32  simsun_16.o(.constdata)
    acFontHZSimSun_16_c9e8                   0x08003e50   Data          32  simsun_16.o(.constdata)
    acFontHZSimSun_16_cab5                   0x08003e70   Data          32  simsun_16.o(.constdata)
    acFontHZSimSun_16_cad4                   0x08003e90   Data          32  simsun_16.o(.constdata)
    acFontHZSimSun_16_cbe3                   0x08003eb0   Data          32  simsun_16.o(.constdata)
    acFontHZSimSun_16_ccac                   0x08003ed0   Data          32  simsun_16.o(.constdata)
    acFontHZSimSun_16_cda8                   0x08003ef0   Data          32  simsun_16.o(.constdata)
    acFontHZSimSun_16_cdb3                   0x08003f10   Data          32  simsun_16.o(.constdata)
    acFontHZSimSun_16_cdd3                   0x08003f30   Data          32  simsun_16.o(.constdata)
    acFontHZSimSun_16_cefc                   0x08003f50   Data          32  simsun_16.o(.constdata)
    acFontHZSimSun_16_cfb5                   0x08003f70   Data          32  simsun_16.o(.constdata)
    acFontHZSimSun_16_d0c5                   0x08003f90   Data          32  simsun_16.o(.constdata)
    acFontHZSimSun_16_d1a7                   0x08003fb0   Data          32  simsun_16.o(.constdata)
    acFontHZSimSun_16_d1ee                   0x08003fd0   Data          32  simsun_16.o(.constdata)
    acFontHZSimSun_16_d2b5                   0x08003ff0   Data          32  simsun_16.o(.constdata)
    acFontHZSimSun_16_d2c7                   0x08004010   Data          32  simsun_16.o(.constdata)
    acFontHZSimSun_16_d3ee                   0x08004030   Data          32  simsun_16.o(.constdata)
    acFontHZSimSun_16_d4f8                   0x08004050   Data          32  simsun_16.o(.constdata)
    acFontHZSimSun_16_d6dd                   0x08004070   Data          32  simsun_16.o(.constdata)
    acFontHZSimSun_16_d6f7                   0x08004090   Data          32  simsun_16.o(.constdata)
    acFontHZSimSun_16_d7a8                   0x080040b0   Data          32  simsun_16.o(.constdata)
    acFontHZSimSun_16_d7cb                   0x080040d0   Data          32  simsun_16.o(.constdata)
    acFontHZSimSun_16_d7d3                   0x080040f0   Data          32  simsun_16.o(.constdata)
    acFontHZSimSun_16_d7db                   0x08004110   Data          32  simsun_16.o(.constdata)
    acFontHZSimSun_16_d8b9                   0x08004130   Data          32  simsun_16.o(.constdata)
    GUI_FontHZSimSun_16_CharInfo             0x08004150   Data        1096  simsun_16.o(.constdata)
    GUI_FontHZSimSun_16_Propd8b9             0x08004598   Data          12  simsun_16.o(.constdata)
    GUI_FontHZSimSun_16_Propd7db             0x080045a4   Data          12  simsun_16.o(.constdata)
    GUI_FontHZSimSun_16_Propd7d3             0x080045b0   Data          12  simsun_16.o(.constdata)
    GUI_FontHZSimSun_16_Propd7cb             0x080045bc   Data          12  simsun_16.o(.constdata)
    GUI_FontHZSimSun_16_Propd7a8             0x080045c8   Data          12  simsun_16.o(.constdata)
    GUI_FontHZSimSun_16_Propd6f7             0x080045d4   Data          12  simsun_16.o(.constdata)
    GUI_FontHZSimSun_16_Propd6dd             0x080045e0   Data          12  simsun_16.o(.constdata)
    GUI_FontHZSimSun_16_Propd4f8             0x080045ec   Data          12  simsun_16.o(.constdata)
    GUI_FontHZSimSun_16_Propd3ee             0x080045f8   Data          12  simsun_16.o(.constdata)
    GUI_FontHZSimSun_16_Propd2c7             0x08004604   Data          12  simsun_16.o(.constdata)
    GUI_FontHZSimSun_16_Propd2b5             0x08004610   Data          12  simsun_16.o(.constdata)
    GUI_FontHZSimSun_16_Propd1ee             0x0800461c   Data          12  simsun_16.o(.constdata)
    GUI_FontHZSimSun_16_Propd1a7             0x08004628   Data          12  simsun_16.o(.constdata)
    GUI_FontHZSimSun_16_Propd0c5             0x08004634   Data          12  simsun_16.o(.constdata)
    GUI_FontHZSimSun_16_Propcfb5             0x08004640   Data          12  simsun_16.o(.constdata)
    GUI_FontHZSimSun_16_Propcefc             0x0800464c   Data          12  simsun_16.o(.constdata)
    GUI_FontHZSimSun_16_Propcdd3             0x08004658   Data          12  simsun_16.o(.constdata)
    GUI_FontHZSimSun_16_Propcdb3             0x08004664   Data          12  simsun_16.o(.constdata)
    GUI_FontHZSimSun_16_Propcda8             0x08004670   Data          12  simsun_16.o(.constdata)
    GUI_FontHZSimSun_16_Propccac             0x0800467c   Data          12  simsun_16.o(.constdata)
    GUI_FontHZSimSun_16_Propcbe3             0x08004688   Data          12  simsun_16.o(.constdata)
    GUI_FontHZSimSun_16_Propcad4             0x08004694   Data          12  simsun_16.o(.constdata)
    GUI_FontHZSimSun_16_Propcab5             0x080046a0   Data          12  simsun_16.o(.constdata)
    GUI_FontHZSimSun_16_Propc9e8             0x080046ac   Data          12  simsun_16.o(.constdata)
    GUI_FontHZSimSun_16_Propc2dd             0x080046b8   Data          12  simsun_16.o(.constdata)
    GUI_FontHZSimSun_16_Propbfc6             0x080046c4   Data          12  simsun_16.o(.constdata)
    GUI_FontHZSimSun_16_Propbde2             0x080046d0   Data          12  simsun_16.o(.constdata)
    GUI_FontHZSimSun_16_Propbdc7             0x080046dc   Data          12  simsun_16.o(.constdata)
    GUI_FontHZSimSun_16_Propbcf9             0x080046e8   Data          12  simsun_16.o(.constdata)
    GUI_FontHZSimSun_16_Propbcc6             0x080046f4   Data          12  simsun_16.o(.constdata)
    GUI_FontHZSimSun_16_Propbcbc             0x08004700   Data          12  simsun_16.o(.constdata)
    GUI_FontHZSimSun_16_Propbaf4             0x0800470c   Data          12  simsun_16.o(.constdata)
    GUI_FontHZSimSun_16_Propbacf             0x08004718   Data          12  simsun_16.o(.constdata)
    GUI_FontHZSimSun_16_Propbabc             0x08004724   Data          12  simsun_16.o(.constdata)
    GUI_FontHZSimSun_16_Propb5e7             0x08004730   Data          12  simsun_16.o(.constdata)
    GUI_FontHZSimSun_16_Propb5c6             0x0800473c   Data          12  simsun_16.o(.constdata)
    GUI_FontHZSimSun_16_Propb5a5             0x08004748   Data          12  simsun_16.o(.constdata)
    GUI_FontHZSimSun_16_Propb4f3             0x08004754   Data          12  simsun_16.o(.constdata)
    GUI_FontHZSimSun_16_Propb3bf             0x08004760   Data          12  simsun_16.o(.constdata)
    GUI_FontHZSimSun_16_Propb2e2             0x0800476c   Data          12  simsun_16.o(.constdata)
    GUI_FontHZSimSun_16_Propb2cb             0x08004778   Data          12  simsun_16.o(.constdata)
    GUI_FontHZSimSun_16_Prop0020             0x08004784   Data          12  simsun_16.o(.constdata)
    GUI_FontHZ_SimSun_16                     0x08004790   Data          32  simsun_16.o(.constdata)
    bmyc                                     0x080049bc   Data          16  yc.o(.constdata)
    acFont8ASCII                             0x08004a08   Data         760  f08_ascii.o(.constdata)
    GUI_Font8_ASCII_CharInfo                 0x08004d00   Data         760  f08_ascii.o(.constdata)
    GUI_Font8ASCII_Prop                      0x08004ff8   Data          12  f08_ascii.o(.constdata)
    GUI_Font8_ASCII                          0x08005004   Data          32  f08_ascii.o(.constdata)
    AHBPrescTable                            0x08005024   Data          16  system_stm32f1xx.o(.constdata)
    APBPrescTable                            0x08005034   Data           8  system_stm32f1xx.o(.constdata)
    Region$$Table$$Base                      0x08005064   Number         0  anon$$obj.o(Region$$Table)
    Region$$Table$$Limit                     0x08005084   Number         0  anon$$obj.o(Region$$Table)
    g_ws                                     0x20000000   Data           1  main.o(.data)
    g_ws_next                                0x20000001   Data           1  main.o(.data)
    key_up                                   0x20000002   Data           1  main.o(.data)
    g_key_cur                                0x20000003   Data           1  main.o(.data)
    adval                                    0x20000004   Data           2  main.o(.data)
    defaultTaskHandle                        0x20000008   Data           4  main.o(.data)
    myTaskGUIHandle                          0x2000000c   Data           4  main.o(.data)
    myTaskKeyScanHandle                      0x20000010   Data           4  main.o(.data)
    GUI_DecChar                              0x20000014   Data           1  guislim.o(.data)
    uwTickFreq                               0x2000001c   Data           1  stm32f1xx_hal.o(.data)
    uwTickPrio                               0x20000020   Data           4  stm32f1xx_hal.o(.data)
    uwTick                                   0x20000024   Data           4  stm32f1xx_hal.o(.data)
    SystemCoreClock                          0x20000028   Data           4  system_stm32f1xx.o(.data)
    pxCurrentTCB                             0x2000002c   Data           4  tasks.o(.data)
    hadc1                                    0x2000008c   Data          48  main.o(.bss)
    val                                      0x200000bc   Data          40  main.o(.bss)
    hdma_adc1                                0x200000e4   Data          68  main.o(.bss)
    htim4                                    0x20000128   Data          64  stm32f1xx_hal_timebase_tim.o(.bss)
    GUI_Context                              0x20000168   Data          32  guislim.o(.bss)
    __initial_sp                             0x20002a78   Data           0  startup_stm32f103xb.o(STACK)



==============================================================================

Memory Map of the image

  Image Entry point : 0x080000ed

  Load Region LR_IROM1 (Base: 0x08000000, Size: 0x00005110, Max: 0x00010000, ABSOLUTE)

    Execution Region ER_IROM1 (Base: 0x08000000, Size: 0x00005084, Max: 0x00010000, ABSOLUTE)

    Base Addr    Size         Type   Attr      Idx    E Section Name        Object

    0x08000000   0x000000ec   Data   RO            3    RESET               startup_stm32f103xb.o
    0x080000ec   0x00000000   Code   RO         4837  * .ARM.Collect$$$$00000000  mc_w.l(entry.o)
    0x080000ec   0x00000004   Code   RO         5111    .ARM.Collect$$$$00000001  mc_w.l(entry2.o)
    0x080000f0   0x00000004   Code   RO         5114    .ARM.Collect$$$$00000004  mc_w.l(entry5.o)
    0x080000f4   0x00000000   Code   RO         5116    .ARM.Collect$$$$00000008  mc_w.l(entry7b.o)
    0x080000f4   0x00000000   Code   RO         5118    .ARM.Collect$$$$0000000A  mc_w.l(entry8b.o)
    0x080000f4   0x00000008   Code   RO         5119    .ARM.Collect$$$$0000000B  mc_w.l(entry9a.o)
    0x080000fc   0x00000000   Code   RO         5121    .ARM.Collect$$$$0000000D  mc_w.l(entry10a.o)
    0x080000fc   0x00000000   Code   RO         5123    .ARM.Collect$$$$0000000F  mc_w.l(entry11a.o)
    0x080000fc   0x00000004   Code   RO         5112    .ARM.Collect$$$$00002712  mc_w.l(entry2.o)
    0x08000100   0x00000096   Code   RO         4760    .emb_text           port.o
    0x08000196   0x00000002   PAD
    0x08000198   0x00000024   Code   RO            4    .text               startup_stm32f103xb.o
    0x080001bc   0x00000024   Code   RO         4842    .text               mc_w.l(memcpya.o)
    0x080001e0   0x00000024   Code   RO         4846    .text               mc_w.l(memseta.o)
    0x08000204   0x0000002c   Code   RO         5128    .text               mc_w.l(uidiv.o)
    0x08000230   0x00000024   Code   RO         5143    .text               mc_w.l(init.o)
    0x08000254   0x0000004c   Code   RO         1405    i.ADC_ConversionStop_Disable  stm32f1xx_hal_adc.o
    0x080002a0   0x0000004e   Code   RO         1406    i.ADC_DMAConvCplt   stm32f1xx_hal_adc.o
    0x080002ee   0x0000001a   Code   RO         1407    i.ADC_DMAError      stm32f1xx_hal_adc.o
    0x08000308   0x0000000a   Code   RO         1408    i.ADC_DMAHalfConvCplt  stm32f1xx_hal_adc.o
    0x08000312   0x00000002   PAD
    0x08000314   0x00000070   Code   RO         1409    i.ADC_Enable        stm32f1xx_hal_adc.o
    0x08000384   0x00000002   Code   RO          512    i.BusFault_Handler  stm32f1xx_it.o
    0x08000386   0x00000002   PAD
    0x08000388   0x0000000c   Code   RO          513    i.DMA1_Channel1_IRQHandler  stm32f1xx_it.o
    0x08000394   0x0000002a   Code   RO         2987    i.DMA_SetConfig     stm32f1xx_hal_dma.o
    0x080003be   0x00000002   Code   RO          514    i.DebugMon_Handler  stm32f1xx_it.o
    0x080003c0   0x00000168   Code   RO          675    i.DrawBitLine1BPP   guislim.o
    0x08000528   0x00000002   Code   RO          225    i.Error_Handler     main.o
    0x0800052a   0x00000002   PAD
    0x0800052c   0x0000001c   Code   RO          676    i.GL_DispChar       guislim.o
    0x08000548   0x0000001c   Code   RO          677    i.GL_DrawBitmap     guislim.o
    0x08000564   0x00000080   Code   RO          682    i.GUIPROP_DispChar  guislim.o
    0x080005e4   0x00000016   Code   RO          683    i.GUIPROP_FindChar  guislim.o
    0x080005fa   0x00000002   PAD
    0x080005fc   0x0000002c   Code   RO          684    i.GUIPROP_GetCharDistX  guislim.o
    0x08000628   0x00000006   Code   RO          685    i.GUIPROP_GetFontInfo  guislim.o
    0x0800062e   0x00000010   Code   RO          686    i.GUIPROP_IsInFont  guislim.o
    0x0800063e   0x0000001a   Code   RO          687    i.GUI_Clear         guislim.o
    0x08000658   0x00000014   Code   RO          688    i.GUI_ClearRect     guislim.o
    0x0800066c   0x00000014   Code   RO          692    i.GUI_DispNextLine  guislim.o
    0x08000680   0x000000f0   Code   RO          693    i.GUI_DispString    guislim.o
    0x08000770   0x00000010   Code   RO          694    i.GUI_DispStringAt  guislim.o
    0x08000780   0x00000030   Code   RO          695    i.GUI_DispStringHCenterAt  guislim.o
    0x080007b0   0x00000004   Code   RO          699    i.GUI_DrawBitmap    guislim.o
    0x080007b4   0x00000022   Code   RO          710    i.GUI_FillRect      guislim.o
    0x080007d6   0x00000002   PAD
    0x080007d8   0x0000000c   Code   RO          711    i.GUI_GetCharDistX  guislim.o
    0x080007e4   0x0000000c   Code   RO          717    i.GUI_GetFontDistY  guislim.o
    0x080007f0   0x0000002c   Code   RO          724    i.GUI_GetYAdjust    guislim.o
    0x0800081c   0x00000014   Code   RO          729    i.GUI_GotoXY        guislim.o
    0x08000830   0x0000003c   Code   RO          731    i.GUI_Init          guislim.o
    0x0800086c   0x00000010   Code   RO          733    i.GUI_SetColor      guislim.o
    0x0800087c   0x00000010   Code   RO          734    i.GUI_SetFont       guislim.o
    0x0800088c   0x00000010   Code   RO          735    i.GUI_SetTextAlign  guislim.o
    0x0800089c   0x0000000c   Code   RO          740    i.GUI_UC__NumChars2NumBytes  guislim.o
    0x080008a8   0x00000004   Code   RO          741    i.GUI_Update        guislim.o
    0x080008ac   0x00000034   Code   RO          742    i.GUI__DispLine     guislim.o
    0x080008e0   0x00000032   Code   RO          744    i.GUI__GetLineDistX  guislim.o
    0x08000912   0x00000022   Code   RO          745    i.GUI__GetLineNumChars  guislim.o
    0x08000934   0x000000c8   Code   RO         1585    i.HAL_ADCEx_Calibration_Start  stm32f1xx_hal_adc_ex.o
    0x080009fc   0x000000fc   Code   RO         1411    i.HAL_ADC_ConfigChannel  stm32f1xx_hal_adc.o
    0x08000af8   0x0000002c   Code   RO          226    i.HAL_ADC_ConvCpltCallback  main.o
    0x08000b24   0x00000002   Code   RO         1413    i.HAL_ADC_ConvHalfCpltCallback  stm32f1xx_hal_adc.o
    0x08000b26   0x00000002   Code   RO         1415    i.HAL_ADC_ErrorCallback  stm32f1xx_hal_adc.o
    0x08000b28   0x0000011c   Code   RO         1420    i.HAL_ADC_Init      stm32f1xx_hal_adc.o
    0x08000c44   0x00000090   Code   RO          583    i.HAL_ADC_MspInit   stm32f1xx_hal_msp.o
    0x08000cd4   0x0000010c   Code   RO         1427    i.HAL_ADC_Start_DMA  stm32f1xx_hal_adc.o
    0x08000de0   0x00000154   Code   RO         2993    i.HAL_DMA_IRQHandler  stm32f1xx_hal_dma.o
    0x08000f34   0x0000005c   Code   RO         2994    i.HAL_DMA_Init      stm32f1xx_hal_dma.o
    0x08000f90   0x00000070   Code   RO         2998    i.HAL_DMA_Start_IT  stm32f1xx_hal_dma.o
    0x08001000   0x00000024   Code   RO         2616    i.HAL_Delay         stm32f1xx_hal.o
    0x08001024   0x000001e0   Code   RO         2924    i.HAL_GPIO_Init     stm32f1xx_hal_gpio.o
    0x08001204   0x0000000a   Code   RO         2926    i.HAL_GPIO_ReadPin  stm32f1xx_hal_gpio.o
    0x0800120e   0x0000000a   Code   RO         2928    i.HAL_GPIO_WritePin  stm32f1xx_hal_gpio.o
    0x08001218   0x0000000c   Code   RO         2620    i.HAL_GetTick       stm32f1xx_hal.o
    0x08001224   0x00000010   Code   RO         2626    i.HAL_IncTick       stm32f1xx_hal.o
    0x08001234   0x00000024   Code   RO         2627    i.HAL_Init          stm32f1xx_hal.o
    0x08001258   0x00000074   Code   RO          619    i.HAL_InitTick      stm32f1xx_hal_timebase_tim.o
    0x080012cc   0x00000048   Code   RO          584    i.HAL_MspInit       stm32f1xx_hal_msp.o
    0x08001314   0x0000001a   Code   RO         3084    i.HAL_NVIC_EnableIRQ  stm32f1xx_hal_cortex.o
    0x0800132e   0x00000002   PAD
    0x08001330   0x00000040   Code   RO         3090    i.HAL_NVIC_SetPriority  stm32f1xx_hal_cortex.o
    0x08001370   0x00000024   Code   RO         3091    i.HAL_NVIC_SetPriorityGrouping  stm32f1xx_hal_cortex.o
    0x08001394   0x000000c8   Code   RO         2886    i.HAL_RCCEx_GetPeriphCLKFreq  stm32f1xx_hal_rcc_ex.o
    0x0800145c   0x000000ec   Code   RO         2887    i.HAL_RCCEx_PeriphCLKConfig  stm32f1xx_hal_rcc_ex.o
    0x08001548   0x0000012c   Code   RO         2784    i.HAL_RCC_ClockConfig  stm32f1xx_hal_rcc.o
    0x08001674   0x00000040   Code   RO         2788    i.HAL_RCC_GetClockConfig  stm32f1xx_hal_rcc.o
    0x080016b4   0x00000020   Code   RO         2791    i.HAL_RCC_GetPCLK1Freq  stm32f1xx_hal_rcc.o
    0x080016d4   0x00000020   Code   RO         2792    i.HAL_RCC_GetPCLK2Freq  stm32f1xx_hal_rcc.o
    0x080016f4   0x0000006c   Code   RO         2793    i.HAL_RCC_GetSysClockFreq  stm32f1xx_hal_rcc.o
    0x08001760   0x00000320   Code   RO         2796    i.HAL_RCC_OscConfig  stm32f1xx_hal_rcc.o
    0x08001a80   0x00000002   Code   RO         2358    i.HAL_TIMEx_BreakCallback  stm32f1xx_hal_tim_ex.o
    0x08001a82   0x00000002   Code   RO         2359    i.HAL_TIMEx_CommutCallback  stm32f1xx_hal_tim_ex.o
    0x08001a84   0x00000036   Code   RO         1683    i.HAL_TIM_Base_Init  stm32f1xx_hal_tim.o
    0x08001aba   0x00000002   Code   RO         1685    i.HAL_TIM_Base_MspInit  stm32f1xx_hal_tim.o
    0x08001abc   0x00000022   Code   RO         1688    i.HAL_TIM_Base_Start_IT  stm32f1xx_hal_tim.o
    0x08001ade   0x00000002   Code   RO         1712    i.HAL_TIM_IC_CaptureCallback  stm32f1xx_hal_tim.o
    0x08001ae0   0x00000166   Code   RO         1726    i.HAL_TIM_IRQHandler  stm32f1xx_hal_tim.o
    0x08001c46   0x00000002   Code   RO         1729    i.HAL_TIM_OC_DelayElapsedCallback  stm32f1xx_hal_tim.o
    0x08001c48   0x00000002   Code   RO         1756    i.HAL_TIM_PWM_PulseFinishedCallback  stm32f1xx_hal_tim.o
    0x08001c4a   0x00000002   PAD
    0x08001c4c   0x00000014   Code   RO          227    i.HAL_TIM_PeriodElapsedCallback  main.o
    0x08001c60   0x00000002   Code   RO         1769    i.HAL_TIM_TriggerCallback  stm32f1xx_hal_tim.o
    0x08001c62   0x00000002   Code   RO          515    i.HardFault_Handler  stm32f1xx_it.o
    0x08001c64   0x000000cc   Code   RO          228    i.KEY_Scan          main.o
    0x08001d30   0x00000088   Code   RO          749    i.LCD_DrawBitmap1BPP  guislim.o
    0x08001db8   0x00000044   Code   RO          750    i.LCD_DrawHLine     guislim.o
    0x08001dfc   0x00000034   Code   RO          756    i.LCD_L0_DrawBitmap1BPP  guislim.o
    0x08001e30   0x00000040   Code   RO          229    i.MX_ADC1_Init      main.o
    0x08001e70   0x000000c8   Code   RO          230    i.MX_GPIO_Init      main.o
    0x08001f38   0x00000002   Code   RO          516    i.MemManage_Handler  stm32f1xx_it.o
    0x08001f3a   0x00000002   Code   RO          517    i.NMI_Handler       stm32f1xx_it.o
    0x08001f3c   0x00000060   Code   RO         1328    i.OLED_IIC_SendByte  ssd1306_i2c.o
    0x08001f9c   0x00000038   Code   RO         1329    i.OLED_IIC_Start    ssd1306_i2c.o
    0x08001fd4   0x0000003c   Code   RO         1330    i.OLED_IIC_Stop     ssd1306_i2c.o
    0x08002010   0x00000056   Code   RO         1197    i.SSD1306_DrawFilledRectangle  ssd1306.o
    0x08002066   0x0000010a   Code   RO         1199    i.SSD1306_DrawLine  ssd1306.o
    0x08002170   0x00000040   Code   RO         1200    i.SSD1306_DrawPixel  ssd1306.o
    0x080021b0   0x00000018   Code   RO         1203    i.SSD1306_Fill      ssd1306.o
    0x080021c8   0x00000040   Code   RO         1208    i.SSD1306_UpdateScreen  ssd1306.o
    0x08002208   0x00000024   Code   RO         1209    i.SSD1306_WriteByte  ssd1306.o
    0x0800222c   0x00000032   Code   RO         1210    i.SSD1306_WriteMuliByte  ssd1306.o
    0x0800225e   0x00000002   PAD
    0x08002260   0x00000100   Code   RO         1211    i.SSD1306_init      ssd1306.o
    0x08002360   0x00000024   Code   RO          231    i.ShowMPUGUI        main.o
    0x08002384   0x0000011c   Code   RO          232    i.ShowMainGUI       main.o
    0x080024a0   0x00000020   Code   RO          233    i.ShowPWMGUI        main.o
    0x080024c0   0x000001d4   Code   RO          234    i.ShowTestGUI       main.o
    0x08002694   0x00000024   Code   RO          235    i.ShowWiFiGUI       main.o
    0x080026b8   0x00000032   Code   RO          236    i.StartDefaultTask  main.o
    0x080026ea   0x00000002   PAD
    0x080026ec   0x0000003c   Code   RO          237    i.StartTaskGUI      main.o
    0x08002728   0x00000060   Code   RO          238    i.StartTaskKeyScan  main.o
    0x08002788   0x0000002c   Code   RO         4761    i.SysTick_Handler   port.o
    0x080027b4   0x00000060   Code   RO          239    i.SystemClock_Config  main.o
    0x08002814   0x00000048   Code   RO         3585    i.SystemInit        system_stm32f1xx.o
    0x0800285c   0x0000000c   Code   RO          518    i.TIM4_IRQHandler   stm32f1xx_it.o
    0x08002868   0x0000006c   Code   RO         1771    i.TIM_Base_SetConfig  stm32f1xx_hal_tim.o
    0x080028d4   0x00000002   Code   RO          519    i.UsageFault_Handler  stm32f1xx_it.o
    0x080028d6   0x00000002   PAD
    0x080028d8   0x0000000c   Code   RO          758    i._GotoX            guislim.o
    0x080028e4   0x0000000c   Code   RO          759    i._GotoY            guislim.o
    0x080028f0   0x00000028   Code   RO         4897    i.__0sprintf$1      mc_w.l(printf1.o)
    0x08002918   0x00000020   Code   RO         3097    i.__NVIC_SetPriority  stm32f1xx_hal_cortex.o
    0x08002938   0x0000000e   Code   RO         5155    i.__scatterload_copy  mc_w.l(handlers.o)
    0x08002946   0x00000002   Code   RO         5156    i.__scatterload_null  mc_w.l(handlers.o)
    0x08002948   0x0000000e   Code   RO         5157    i.__scatterload_zeroinit  mc_w.l(handlers.o)
    0x08002956   0x00000002   PAD
    0x08002958   0x00000154   Code   RO         4902    i._printf_core      mc_w.l(printf1.o)
    0x08002aac   0x0000000a   Code   RO         4904    i._sputc            mc_w.l(printf1.o)
    0x08002ab6   0x00000002   PAD
    0x08002ab8   0x00000198   Code   RO          240    i.main              main.o
    0x08002c50   0x0000000c   Code   RO         4332    i.makeFreeRtosPriority  cmsis_os.o
    0x08002c5c   0x0000000e   Code   RO         4334    i.osDelay           cmsis_os.o
    0x08002c6a   0x0000000a   Code   RO         4337    i.osKernelStart     cmsis_os.o
    0x08002c74   0x0000002e   Code   RO         4371    i.osThreadCreate    cmsis_os.o
    0x08002ca2   0x00000002   PAD
    0x08002ca4   0x00000070   Code   RO         4035    i.prvAddCurrentTaskToDelayedList  tasks.o
    0x08002d14   0x000000d0   Code   RO         4036    i.prvAddNewTaskToReadyList  tasks.o
    0x08002de4   0x00000014   Code   RO         4037    i.prvDeleteTCB      tasks.o
    0x08002df8   0x0000004c   Code   RO         4699    i.prvHeapInit       heap_4.o
    0x08002e44   0x00000060   Code   RO         4038    i.prvIdleTask       tasks.o
    0x08002ea4   0x0000008e   Code   RO         4039    i.prvInitialiseNewTask  tasks.o
    0x08002f32   0x00000002   PAD
    0x08002f34   0x0000004c   Code   RO         4700    i.prvInsertBlockIntoFreeList  heap_4.o
    0x08002f80   0x00000020   Code   RO         4040    i.prvResetNextTaskUnblockTime  tasks.o
    0x08002fa0   0x00000028   Code   RO         4762    i.prvTaskExitError  port.o
    0x08002fc8   0x000000d8   Code   RO         4701    i.pvPortMalloc      heap_4.o
    0x080030a0   0x00000024   Code   RO         4763    i.pxPortInitialiseStack  port.o
    0x080030c4   0x0000004c   Code   RO          241    i.setLED            main.o
    0x08003110   0x00000026   Code   RO         3711    i.uxListRemove      list.o
    0x08003136   0x00000016   Code   RO         3712    i.vListInitialise   list.o
    0x0800314c   0x00000006   Code   RO         3713    i.vListInitialiseItem  list.o
    0x08003152   0x00000030   Code   RO         3714    i.vListInsert       list.o
    0x08003182   0x00000018   Code   RO         3715    i.vListInsertEnd    list.o
    0x0800319a   0x00000002   PAD
    0x0800319c   0x00000040   Code   RO         4765    i.vPortEnterCritical  port.o
    0x080031dc   0x00000028   Code   RO         4766    i.vPortExitCritical  port.o
    0x08003204   0x0000005c   Code   RO         4702    i.vPortFree         heap_4.o
    0x08003260   0x00000024   Code   RO         4767    i.vPortSetupTimerInterrupt  port.o
    0x08003284   0x0000004c   Code   RO         4048    i.vTaskDelay        tasks.o
    0x080032d0   0x00000068   Code   RO         4061    i.vTaskStartScheduler  tasks.o
    0x08003338   0x00000010   Code   RO         4063    i.vTaskSuspendAll   tasks.o
    0x08003348   0x0000005c   Code   RO         4064    i.vTaskSwitchContext  tasks.o
    0x080033a4   0x000000a8   Code   RO         4769    i.xPortStartScheduler  port.o
    0x0800344c   0x00000056   Code   RO         4066    i.xTaskCreate       tasks.o
    0x080034a2   0x00000002   PAD
    0x080034a4   0x000000c8   Code   RO         4073    i.xTaskIncrementTick  tasks.o
    0x0800356c   0x000000c4   Code   RO         4079    i.xTaskResumeAll    tasks.o
    0x08003630   0x00000010   Data   RO           10    .constdata          simsun_16.o
    0x08003640   0x00000010   Data   RO           11    .constdata          simsun_16.o
    0x08003650   0x00000010   Data   RO           12    .constdata          simsun_16.o
    0x08003660   0x00000010   Data   RO           13    .constdata          simsun_16.o
    0x08003670   0x00000010   Data   RO           14    .constdata          simsun_16.o
    0x08003680   0x00000010   Data   RO           15    .constdata          simsun_16.o
    0x08003690   0x00000010   Data   RO           16    .constdata          simsun_16.o
    0x080036a0   0x00000010   Data   RO           17    .constdata          simsun_16.o
    0x080036b0   0x00000010   Data   RO           18    .constdata          simsun_16.o
    0x080036c0   0x00000010   Data   RO           19    .constdata          simsun_16.o
    0x080036d0   0x00000010   Data   RO           20    .constdata          simsun_16.o
    0x080036e0   0x00000010   Data   RO           21    .constdata          simsun_16.o
    0x080036f0   0x00000010   Data   RO           22    .constdata          simsun_16.o
    0x08003700   0x00000010   Data   RO           23    .constdata          simsun_16.o
    0x08003710   0x00000010   Data   RO           24    .constdata          simsun_16.o
    0x08003720   0x00000010   Data   RO           25    .constdata          simsun_16.o
    0x08003730   0x00000010   Data   RO           26    .constdata          simsun_16.o
    0x08003740   0x00000010   Data   RO           27    .constdata          simsun_16.o
    0x08003750   0x00000010   Data   RO           28    .constdata          simsun_16.o
    0x08003760   0x00000010   Data   RO           29    .constdata          simsun_16.o
    0x08003770   0x00000010   Data   RO           30    .constdata          simsun_16.o
    0x08003780   0x00000010   Data   RO           31    .constdata          simsun_16.o
    0x08003790   0x00000010   Data   RO           32    .constdata          simsun_16.o
    0x080037a0   0x00000010   Data   RO           33    .constdata          simsun_16.o
    0x080037b0   0x00000010   Data   RO           34    .constdata          simsun_16.o
    0x080037c0   0x00000010   Data   RO           35    .constdata          simsun_16.o
    0x080037d0   0x00000010   Data   RO           36    .constdata          simsun_16.o
    0x080037e0   0x00000010   Data   RO           37    .constdata          simsun_16.o
    0x080037f0   0x00000010   Data   RO           38    .constdata          simsun_16.o
    0x08003800   0x00000010   Data   RO           39    .constdata          simsun_16.o
    0x08003810   0x00000010   Data   RO           40    .constdata          simsun_16.o
    0x08003820   0x00000010   Data   RO           41    .constdata          simsun_16.o
    0x08003830   0x00000010   Data   RO           42    .constdata          simsun_16.o
    0x08003840   0x00000010   Data   RO           43    .constdata          simsun_16.o
    0x08003850   0x00000010   Data   RO           44    .constdata          simsun_16.o
    0x08003860   0x00000010   Data   RO           45    .constdata          simsun_16.o
    0x08003870   0x00000010   Data   RO           46    .constdata          simsun_16.o
    0x08003880   0x00000010   Data   RO           47    .constdata          simsun_16.o
    0x08003890   0x00000010   Data   RO           48    .constdata          simsun_16.o
    0x080038a0   0x00000010   Data   RO           49    .constdata          simsun_16.o
    0x080038b0   0x00000010   Data   RO           50    .constdata          simsun_16.o
    0x080038c0   0x00000010   Data   RO           51    .constdata          simsun_16.o
    0x080038d0   0x00000010   Data   RO           52    .constdata          simsun_16.o
    0x080038e0   0x00000010   Data   RO           53    .constdata          simsun_16.o
    0x080038f0   0x00000010   Data   RO           54    .constdata          simsun_16.o
    0x08003900   0x00000010   Data   RO           55    .constdata          simsun_16.o
    0x08003910   0x00000010   Data   RO           56    .constdata          simsun_16.o
    0x08003920   0x00000010   Data   RO           57    .constdata          simsun_16.o
    0x08003930   0x00000010   Data   RO           58    .constdata          simsun_16.o
    0x08003940   0x00000010   Data   RO           59    .constdata          simsun_16.o
    0x08003950   0x00000010   Data   RO           60    .constdata          simsun_16.o
    0x08003960   0x00000010   Data   RO           61    .constdata          simsun_16.o
    0x08003970   0x00000010   Data   RO           62    .constdata          simsun_16.o
    0x08003980   0x00000010   Data   RO           63    .constdata          simsun_16.o
    0x08003990   0x00000010   Data   RO           64    .constdata          simsun_16.o
    0x080039a0   0x00000010   Data   RO           65    .constdata          simsun_16.o
    0x080039b0   0x00000010   Data   RO           66    .constdata          simsun_16.o
    0x080039c0   0x00000010   Data   RO           67    .constdata          simsun_16.o
    0x080039d0   0x00000010   Data   RO           68    .constdata          simsun_16.o
    0x080039e0   0x00000010   Data   RO           69    .constdata          simsun_16.o
    0x080039f0   0x00000010   Data   RO           70    .constdata          simsun_16.o
    0x08003a00   0x00000010   Data   RO           71    .constdata          simsun_16.o
    0x08003a10   0x00000010   Data   RO           72    .constdata          simsun_16.o
    0x08003a20   0x00000010   Data   RO           73    .constdata          simsun_16.o
    0x08003a30   0x00000010   Data   RO           74    .constdata          simsun_16.o
    0x08003a40   0x00000010   Data   RO           75    .constdata          simsun_16.o
    0x08003a50   0x00000010   Data   RO           76    .constdata          simsun_16.o
    0x08003a60   0x00000010   Data   RO           77    .constdata          simsun_16.o
    0x08003a70   0x00000010   Data   RO           78    .constdata          simsun_16.o
    0x08003a80   0x00000010   Data   RO           79    .constdata          simsun_16.o
    0x08003a90   0x00000010   Data   RO           80    .constdata          simsun_16.o
    0x08003aa0   0x00000010   Data   RO           81    .constdata          simsun_16.o
    0x08003ab0   0x00000010   Data   RO           82    .constdata          simsun_16.o
    0x08003ac0   0x00000010   Data   RO           83    .constdata          simsun_16.o
    0x08003ad0   0x00000010   Data   RO           84    .constdata          simsun_16.o
    0x08003ae0   0x00000010   Data   RO           85    .constdata          simsun_16.o
    0x08003af0   0x00000010   Data   RO           86    .constdata          simsun_16.o
    0x08003b00   0x00000010   Data   RO           87    .constdata          simsun_16.o
    0x08003b10   0x00000010   Data   RO           88    .constdata          simsun_16.o
    0x08003b20   0x00000010   Data   RO           89    .constdata          simsun_16.o
    0x08003b30   0x00000010   Data   RO           90    .constdata          simsun_16.o
    0x08003b40   0x00000010   Data   RO           91    .constdata          simsun_16.o
    0x08003b50   0x00000010   Data   RO           92    .constdata          simsun_16.o
    0x08003b60   0x00000010   Data   RO           93    .constdata          simsun_16.o
    0x08003b70   0x00000010   Data   RO           94    .constdata          simsun_16.o
    0x08003b80   0x00000010   Data   RO           95    .constdata          simsun_16.o
    0x08003b90   0x00000010   Data   RO           96    .constdata          simsun_16.o
    0x08003ba0   0x00000010   Data   RO           97    .constdata          simsun_16.o
    0x08003bb0   0x00000010   Data   RO           98    .constdata          simsun_16.o
    0x08003bc0   0x00000010   Data   RO           99    .constdata          simsun_16.o
    0x08003bd0   0x00000010   Data   RO          100    .constdata          simsun_16.o
    0x08003be0   0x00000010   Data   RO          101    .constdata          simsun_16.o
    0x08003bf0   0x00000010   Data   RO          102    .constdata          simsun_16.o
    0x08003c00   0x00000010   Data   RO          103    .constdata          simsun_16.o
    0x08003c10   0x00000010   Data   RO          104    .constdata          simsun_16.o
    0x08003c20   0x00000010   Data   RO          105    .constdata          simsun_16.o
    0x08003c30   0x00000020   Data   RO          106    .constdata          simsun_16.o
    0x08003c50   0x00000020   Data   RO          107    .constdata          simsun_16.o
    0x08003c70   0x00000020   Data   RO          108    .constdata          simsun_16.o
    0x08003c90   0x00000020   Data   RO          109    .constdata          simsun_16.o
    0x08003cb0   0x00000020   Data   RO          110    .constdata          simsun_16.o
    0x08003cd0   0x00000020   Data   RO          111    .constdata          simsun_16.o
    0x08003cf0   0x00000020   Data   RO          112    .constdata          simsun_16.o
    0x08003d10   0x00000020   Data   RO          113    .constdata          simsun_16.o
    0x08003d30   0x00000020   Data   RO          114    .constdata          simsun_16.o
    0x08003d50   0x00000020   Data   RO          115    .constdata          simsun_16.o
    0x08003d70   0x00000020   Data   RO          116    .constdata          simsun_16.o
    0x08003d90   0x00000020   Data   RO          117    .constdata          simsun_16.o
    0x08003db0   0x00000020   Data   RO          118    .constdata          simsun_16.o
    0x08003dd0   0x00000020   Data   RO          119    .constdata          simsun_16.o
    0x08003df0   0x00000020   Data   RO          120    .constdata          simsun_16.o
    0x08003e10   0x00000020   Data   RO          121    .constdata          simsun_16.o
    0x08003e30   0x00000020   Data   RO          122    .constdata          simsun_16.o
    0x08003e50   0x00000020   Data   RO          123    .constdata          simsun_16.o
    0x08003e70   0x00000020   Data   RO          124    .constdata          simsun_16.o
    0x08003e90   0x00000020   Data   RO          125    .constdata          simsun_16.o
    0x08003eb0   0x00000020   Data   RO          126    .constdata          simsun_16.o
    0x08003ed0   0x00000020   Data   RO          127    .constdata          simsun_16.o
    0x08003ef0   0x00000020   Data   RO          128    .constdata          simsun_16.o
    0x08003f10   0x00000020   Data   RO          129    .constdata          simsun_16.o
    0x08003f30   0x00000020   Data   RO          130    .constdata          simsun_16.o
    0x08003f50   0x00000020   Data   RO          131    .constdata          simsun_16.o
    0x08003f70   0x00000020   Data   RO          132    .constdata          simsun_16.o
    0x08003f90   0x00000020   Data   RO          133    .constdata          simsun_16.o
    0x08003fb0   0x00000020   Data   RO          134    .constdata          simsun_16.o
    0x08003fd0   0x00000020   Data   RO          135    .constdata          simsun_16.o
    0x08003ff0   0x00000020   Data   RO          136    .constdata          simsun_16.o
    0x08004010   0x00000020   Data   RO          137    .constdata          simsun_16.o
    0x08004030   0x00000020   Data   RO          138    .constdata          simsun_16.o
    0x08004050   0x00000020   Data   RO          139    .constdata          simsun_16.o
    0x08004070   0x00000020   Data   RO          140    .constdata          simsun_16.o
    0x08004090   0x00000020   Data   RO          141    .constdata          simsun_16.o
    0x080040b0   0x00000020   Data   RO          142    .constdata          simsun_16.o
    0x080040d0   0x00000020   Data   RO          143    .constdata          simsun_16.o
    0x080040f0   0x00000020   Data   RO          144    .constdata          simsun_16.o
    0x08004110   0x00000020   Data   RO          145    .constdata          simsun_16.o
    0x08004130   0x00000020   Data   RO          146    .constdata          simsun_16.o
    0x08004150   0x00000448   Data   RO          147    .constdata          simsun_16.o
    0x08004598   0x0000000c   Data   RO          148    .constdata          simsun_16.o
    0x080045a4   0x0000000c   Data   RO          149    .constdata          simsun_16.o
    0x080045b0   0x0000000c   Data   RO          150    .constdata          simsun_16.o
    0x080045bc   0x0000000c   Data   RO          151    .constdata          simsun_16.o
    0x080045c8   0x0000000c   Data   RO          152    .constdata          simsun_16.o
    0x080045d4   0x0000000c   Data   RO          153    .constdata          simsun_16.o
    0x080045e0   0x0000000c   Data   RO          154    .constdata          simsun_16.o
    0x080045ec   0x0000000c   Data   RO          155    .constdata          simsun_16.o
    0x080045f8   0x0000000c   Data   RO          156    .constdata          simsun_16.o
    0x08004604   0x0000000c   Data   RO          157    .constdata          simsun_16.o
    0x08004610   0x0000000c   Data   RO          158    .constdata          simsun_16.o
    0x0800461c   0x0000000c   Data   RO          159    .constdata          simsun_16.o
    0x08004628   0x0000000c   Data   RO          160    .constdata          simsun_16.o
    0x08004634   0x0000000c   Data   RO          161    .constdata          simsun_16.o
    0x08004640   0x0000000c   Data   RO          162    .constdata          simsun_16.o
    0x0800464c   0x0000000c   Data   RO          163    .constdata          simsun_16.o
    0x08004658   0x0000000c   Data   RO          164    .constdata          simsun_16.o
    0x08004664   0x0000000c   Data   RO          165    .constdata          simsun_16.o
    0x08004670   0x0000000c   Data   RO          166    .constdata          simsun_16.o
    0x0800467c   0x0000000c   Data   RO          167    .constdata          simsun_16.o
    0x08004688   0x0000000c   Data   RO          168    .constdata          simsun_16.o
    0x08004694   0x0000000c   Data   RO          169    .constdata          simsun_16.o
    0x080046a0   0x0000000c   Data   RO          170    .constdata          simsun_16.o
    0x080046ac   0x0000000c   Data   RO          171    .constdata          simsun_16.o
    0x080046b8   0x0000000c   Data   RO          172    .constdata          simsun_16.o
    0x080046c4   0x0000000c   Data   RO          173    .constdata          simsun_16.o
    0x080046d0   0x0000000c   Data   RO          174    .constdata          simsun_16.o
    0x080046dc   0x0000000c   Data   RO          175    .constdata          simsun_16.o
    0x080046e8   0x0000000c   Data   RO          176    .constdata          simsun_16.o
    0x080046f4   0x0000000c   Data   RO          177    .constdata          simsun_16.o
    0x08004700   0x0000000c   Data   RO          178    .constdata          simsun_16.o
    0x0800470c   0x0000000c   Data   RO          179    .constdata          simsun_16.o
    0x08004718   0x0000000c   Data   RO          180    .constdata          simsun_16.o
    0x08004724   0x0000000c   Data   RO          181    .constdata          simsun_16.o
    0x08004730   0x0000000c   Data   RO          182    .constdata          simsun_16.o
    0x0800473c   0x0000000c   Data   RO          183    .constdata          simsun_16.o
    0x08004748   0x0000000c   Data   RO          184    .constdata          simsun_16.o
    0x08004754   0x0000000c   Data   RO          185    .constdata          simsun_16.o
    0x08004760   0x0000000c   Data   RO          186    .constdata          simsun_16.o
    0x0800476c   0x0000000c   Data   RO          187    .constdata          simsun_16.o
    0x08004778   0x0000000c   Data   RO          188    .constdata          simsun_16.o
    0x08004784   0x0000000c   Data   RO          189    .constdata          simsun_16.o
    0x08004790   0x00000020   Data   RO          190    .constdata          simsun_16.o
    0x080047b0   0x0000000c   Data   RO          204    .constdata          yc.o
    0x080047bc   0x00000200   Data   RO          205    .constdata          yc.o
    0x080049bc   0x00000010   Data   RO          206    .constdata          yc.o
    0x080049cc   0x0000003c   Data   RO          244    .constdata          main.o
    0x08004a08   0x000002f8   Data   RO          655    .constdata          f08_ascii.o
    0x08004d00   0x000002f8   Data   RO          656    .constdata          f08_ascii.o
    0x08004ff8   0x0000000c   Data   RO          657    .constdata          f08_ascii.o
    0x08005004   0x00000020   Data   RO          658    .constdata          f08_ascii.o
    0x08005024   0x00000010   Data   RO         3586    .constdata          system_stm32f1xx.o
    0x08005034   0x00000008   Data   RO         3587    .constdata          system_stm32f1xx.o
    0x0800503c   0x00000026   Data   RO          245    .conststring        main.o
    0x08005062   0x00000002   PAD
    0x08005064   0x00000020   Data   RO         5153    Region$$Table       anon$$obj.o


    Execution Region RW_IRAM1 (Base: 0x20000000, Size: 0x00002a78, Max: 0x00005000, ABSOLUTE)

    Base Addr    Size         Type   Attr      Idx    E Section Name        Object

    0x20000000   0x00000014   Data   RW          246    .data               main.o
    0x20000014   0x00000001   Data   RW          761    .data               guislim.o
    0x20000015   0x00000001   PAD
    0x20000016   0x00000006   Data   RW         1213    .data               ssd1306.o
    0x2000001c   0x0000000c   Data   RW         2634    .data               stm32f1xx_hal.o
    0x20000028   0x00000004   Data   RW         3588    .data               system_stm32f1xx.o
    0x2000002c   0x0000003c   Data   RW         4082    .data               tasks.o
    0x20000068   0x00000018   Data   RW         4707    .data               heap_4.o
    0x20000080   0x0000000c   Data   RW         4770    .data               port.o
    0x2000008c   0x00000058   Zero   RW          242    .bss                main.o
    0x200000e4   0x00000044   Zero   RW          243    .bss                main.o
    0x20000128   0x00000040   Zero   RW          622    .bss                stm32f1xx_hal_timebase_tim.o
    0x20000168   0x00000020   Zero   RW          760    .bss                guislim.o
    0x20000188   0x00000400   Zero   RW         1212    .bss                ssd1306.o
    0x20000588   0x000000f0   Zero   RW         4081    .bss                tasks.o
    0x20000678   0x00002000   Zero   RW         4706    .bss                heap_4.o
    0x20002678   0x00000400   Zero   RW            1    STACK               startup_stm32f103xb.o


==============================================================================

Image component sizes


      Code (inc. data)   RO Data    RW Data    ZI Data      Debug   Object Name

        82          0          0          0          0      12169   cmsis_os.o
         0          0          0          0          0       7972   event_groups.o
         0          0       1564          0          0       8638   f08_ascii.o
      1668        114          0          1         32      28085   guislim.o
       460         24          0         24       8192       6739   heap_4.o
       138          0          0          0          0       2986   list.o
      2176        278         98         20        156     462058   main.o
       578         60          0         12          0       9896   port.o
         0          0       4480          0          0      23011   simsun_16.o
       846         28          0          6       1024      13050   ssd1306.o
       212         14          0          0          0       1465   ssd1306_i2c.o
        36          8        236          0       1024        768   startup_stm32f103xb.o
       100         18          0         12          0       4954   stm32f1xx_hal.o
      1110         54          0          0          0       6855   stm32f1xx_hal_adc.o
       200          6          0          0          0       1294   stm32f1xx_hal_adc_ex.o
       158         14          0          0          0      27674   stm32f1xx_hal_cortex.o
       586         32          0          0          0       3043   stm32f1xx_hal_dma.o
       500         34          0          0          0       2999   stm32f1xx_hal_gpio.o
       216         32          0          0          0       1476   stm32f1xx_hal_msp.o
      1336        110          0          0          0       5265   stm32f1xx_hal_rcc.o
       436         46          0          0          0       2273   stm32f1xx_hal_rcc_ex.o
       564         14          0          0          0       6412   stm32f1xx_hal_tim.o
         4          0          0          0          0       1441   stm32f1xx_hal_tim_ex.o
       116         16          0          0         64       1267   stm32f1xx_hal_timebase_tim.o
        36         12          0          0          0       3110   stm32f1xx_it.o
        72         16         24          4          0       1055   system_stm32f1xx.o
      1380        110          0         60        240      13214   tasks.o
         0          0        540          0          0       9985   yc.o

    ----------------------------------------------------------------------
     13040       1040       6976        140      10732     669154   Object Totals
         0          0         32          0          0          0   (incl. Generated)
        30          0          2          1          0          0   (incl. Padding)

    ----------------------------------------------------------------------

      Code (inc. data)   RO Data    RW Data    ZI Data      Debug   Library Member Name

         0          0          0          0          0          0   entry.o
         0          0          0          0          0          0   entry10a.o
         0          0          0          0          0          0   entry11a.o
         8          4          0          0          0          0   entry2.o
         4          0          0          0          0          0   entry5.o
         0          0          0          0          0          0   entry7b.o
         0          0          0          0          0          0   entry8b.o
         8          4          0          0          0          0   entry9a.o
        30          0          0          0          0          0   handlers.o
        36          8          0          0          0         68   init.o
        36          0          0          0          0         68   memcpya.o
        36          0          0          0          0        108   memseta.o
       390         10          0          0          0        252   printf1.o
        44          0          0          0          0         80   uidiv.o

    ----------------------------------------------------------------------
       596         26          0          0          0        576   Library Totals
         4          0          0          0          0          0   (incl. Padding)

    ----------------------------------------------------------------------

      Code (inc. data)   RO Data    RW Data    ZI Data      Debug   Library Name

       592         26          0          0          0        576   mc_w.l

    ----------------------------------------------------------------------
       596         26          0          0          0        576   Library Totals

    ----------------------------------------------------------------------

==============================================================================


      Code (inc. data)   RO Data    RW Data    ZI Data      Debug   

     13636       1066       6976        140      10732     661978   Grand Totals
     13636       1066       6976        140      10732     661978   ELF Image Totals
     13636       1066       6976        140          0          0   ROM Totals

==============================================================================

    Total RO  Size (Code + RO Data)                20612 (  20.13kB)
    Total RW  Size (RW Data + ZI Data)             10872 (  10.62kB)
    Total ROM Size (Code + RO Data + RW Data)      20752 (  20.27kB)

==============================================================================

